2025-02-20 23:04:50,593: INFO: [resnet.py:183]: ResNet: All params loaded
2025-02-20 23:04:50,627: INFO: [wsdan.py:97]: WSDAN: using resnet50 as feature extractor, num_classes: 2, num_attentions: 32
2025-02-20 23:04:50,752: INFO: [train.py:1523]: Network weights save to ./FGVC/CUB-200-2011/ckpt - 4 - storage/2/
2025-02-20 23:04:50,794: INFO: [train.py:1556]: Start training: Total epochs: 160, Batch size: 16, Training size: 3798, Validation size: 8255
2025-02-20 23:04:50,794: INFO: [train.py:1558]: 
2025-02-20 23:04:50,794: INFO: [train.py:1566]: Epoch 001, Learning Rate 1e-05
2025-02-20 23:07:16,660: INFO: [train.py:1731]: Train: , Time 145.86
2025-02-20 23:07:16,661: INFO: [train.py:1732]: Train completed. Final metrics: 
2025-02-20 23:13:39,684: INFO: [train.py:1811]: Valid: Val Loss 0.4991, Val Acc (98.73, 98.73), Time 383.02
2025-02-20 23:13:39,685: INFO: [train.py:1813]: 
2025-02-20 23:13:43,062: INFO: [train.py:1566]: Epoch 002, Learning Rate 1e-05
2025-02-20 23:15:41,258: INFO: [train.py:1731]: Train: , Time 118.19
2025-02-20 23:15:41,258: INFO: [train.py:1732]: Train completed. Final metrics: 
2025-02-20 23:17:00,979: INFO: [train.py:1811]: Valid: Val Loss 0.6151, Val Acc (76.46, 76.46), Time 79.72
2025-02-20 23:17:00,979: INFO: [train.py:1813]: 
2025-02-20 23:17:00,980: INFO: [train.py:1566]: Epoch 003, Learning Rate 9e-06
2025-02-20 23:18:58,239: INFO: [train.py:1731]: Train: , Time 117.26
2025-02-20 23:18:58,239: INFO: [train.py:1732]: Train completed. Final metrics: 
2025-02-20 23:20:17,352: INFO: [train.py:1811]: Valid: Val Loss 0.5109, Val Acc (90.09, 90.09), Time 79.11
2025-02-20 23:20:17,352: INFO: [train.py:1813]: 
2025-02-20 23:20:17,353: INFO: [train.py:1566]: Epoch 004, Learning Rate 9e-06
2025-02-20 23:22:14,561: INFO: [train.py:1731]: Train: , Time 117.21
2025-02-20 23:22:14,561: INFO: [train.py:1732]: Train completed. Final metrics: 
2025-02-20 23:23:33,747: INFO: [train.py:1811]: Valid: Val Loss 0.5395, Val Acc (83.59, 83.59), Time 79.18
2025-02-20 23:23:33,747: INFO: [train.py:1813]: 
2025-02-20 23:23:33,748: INFO: [train.py:1566]: Epoch 005, Learning Rate 8.1e-06
2025-02-20 23:25:30,681: INFO: [train.py:1731]: Train: , Time 116.93
2025-02-20 23:25:30,682: INFO: [train.py:1732]: Train completed. Final metrics: 
2025-02-20 23:26:49,882: INFO: [train.py:1811]: Valid: Val Loss 0.4007, Val Acc (94.02, 94.02), Time 79.20
2025-02-20 23:26:49,882: INFO: [train.py:1813]: 
2025-02-20 23:26:49,882: INFO: [train.py:1566]: Epoch 006, Learning Rate 8.1e-06
2025-02-20 23:28:46,548: INFO: [train.py:1731]: Train: , Time 116.66
2025-02-20 23:28:46,548: INFO: [train.py:1732]: Train completed. Final metrics: 
2025-02-20 23:30:05,214: INFO: [train.py:1811]: Valid: Val Loss 0.3873, Val Acc (92.89, 92.89), Time 78.67
2025-02-20 23:30:05,214: INFO: [train.py:1813]: 
2025-02-20 23:30:06,711: INFO: [train.py:1566]: Epoch 007, Learning Rate 7.29e-06
2025-02-20 23:32:03,229: INFO: [train.py:1731]: Train: , Time 116.52
2025-02-20 23:32:03,229: INFO: [train.py:1732]: Train completed. Final metrics: 
2025-02-20 23:33:21,918: INFO: [train.py:1811]: Valid: Val Loss 0.3282, Val Acc (94.92, 94.92), Time 78.69
2025-02-20 23:33:21,918: INFO: [train.py:1813]: 
2025-02-20 23:33:21,919: INFO: [train.py:1566]: Epoch 008, Learning Rate 7.29e-06
2025-02-20 23:35:18,982: INFO: [train.py:1731]: Train: , Time 117.06
2025-02-20 23:35:18,982: INFO: [train.py:1732]: Train completed. Final metrics: 
2025-02-20 23:36:37,717: INFO: [train.py:1811]: Valid: Val Loss 0.4246, Val Acc (87.16, 87.16), Time 78.73
2025-02-20 23:36:37,717: INFO: [train.py:1813]: 
2025-02-20 23:36:37,718: INFO: [train.py:1566]: Epoch 009, Learning Rate 6.561e-06
2025-02-20 23:38:34,382: INFO: [train.py:1731]: Train: , Time 116.66
2025-02-20 23:38:34,382: INFO: [train.py:1732]: Train completed. Final metrics: 
2025-02-20 23:39:54,233: INFO: [train.py:1811]: Valid: Val Loss 0.5129, Val Acc (78.91, 78.91), Time 79.85
2025-02-20 23:39:54,233: INFO: [train.py:1813]: 
2025-02-20 23:39:54,234: INFO: [train.py:1566]: Epoch 010, Learning Rate 6.561e-06
2025-02-20 23:41:51,203: INFO: [train.py:1731]: Train: , Time 116.97
2025-02-20 23:41:51,203: INFO: [train.py:1732]: Train completed. Final metrics: 
2025-02-20 23:43:09,468: INFO: [train.py:1811]: Valid: Val Loss 0.3943, Val Acc (87.18, 87.18), Time 78.26
2025-02-20 23:43:09,468: INFO: [train.py:1813]: 
2025-02-20 23:43:09,470: INFO: [train.py:1566]: Epoch 011, Learning Rate 5.9049e-06
2025-02-20 23:45:06,523: INFO: [train.py:1731]: Train: , Time 117.05
2025-02-20 23:45:06,523: INFO: [train.py:1732]: Train completed. Final metrics: 
2025-02-20 23:46:26,775: INFO: [train.py:1811]: Valid: Val Loss 0.3385, Val Acc (89.70, 89.70), Time 80.25
2025-02-20 23:46:26,775: INFO: [train.py:1813]: 
2025-02-20 23:46:28,691: INFO: [train.py:1566]: Epoch 012, Learning Rate 5.9049e-06
2025-02-20 23:48:26,085: INFO: [train.py:1731]: Train: , Time 117.39
2025-02-20 23:48:26,086: INFO: [train.py:1732]: Train completed. Final metrics: 
2025-02-20 23:49:44,832: INFO: [train.py:1811]: Valid: Val Loss 0.4669, Val Acc (81.22, 81.22), Time 78.74
2025-02-20 23:49:44,832: INFO: [train.py:1813]: 
2025-02-20 23:49:44,833: INFO: [train.py:1566]: Epoch 013, Learning Rate 5.31441e-06
2025-02-20 23:51:41,814: INFO: [train.py:1731]: Train: , Time 116.98
2025-02-20 23:51:41,814: INFO: [train.py:1732]: Train completed. Final metrics: 
2025-02-20 23:53:02,207: INFO: [train.py:1811]: Valid: Val Loss 0.4358, Val Acc (82.42, 82.42), Time 80.39
2025-02-20 23:53:02,207: INFO: [train.py:1813]: 
2025-02-20 23:53:02,208: INFO: [train.py:1566]: Epoch 014, Learning Rate 5.31441e-06
2025-02-20 23:54:59,416: INFO: [train.py:1731]: Train: , Time 117.21
2025-02-20 23:54:59,416: INFO: [train.py:1732]: Train completed. Final metrics: 
2025-02-20 23:56:19,210: INFO: [train.py:1811]: Valid: Val Loss 0.4435, Val Acc (82.41, 82.41), Time 79.79
2025-02-20 23:56:19,210: INFO: [train.py:1813]: 
2025-02-20 23:56:19,210: INFO: [train.py:1566]: Epoch 015, Learning Rate 4.78297e-06
2025-02-20 23:58:16,302: INFO: [train.py:1731]: Train: , Time 117.09
2025-02-20 23:58:16,302: INFO: [train.py:1732]: Train completed. Final metrics: 
2025-02-20 23:59:36,111: INFO: [train.py:1811]: Valid: Val Loss 0.3685, Val Acc (87.04, 87.04), Time 79.81
2025-02-20 23:59:36,111: INFO: [train.py:1813]: 
2025-02-20 23:59:36,112: INFO: [train.py:1566]: Epoch 016, Learning Rate 4.78297e-06
2025-02-21 00:01:33,417: INFO: [train.py:1731]: Train: , Time 117.31
2025-02-21 00:01:33,417: INFO: [train.py:1732]: Train completed. Final metrics: 
2025-02-21 00:02:53,699: INFO: [train.py:1811]: Valid: Val Loss 0.4443, Val Acc (81.78, 81.78), Time 80.28
2025-02-21 00:02:53,699: INFO: [train.py:1813]: 
2025-02-21 00:02:55,372: INFO: [train.py:1566]: Epoch 017, Learning Rate 4.30467e-06
2025-02-21 00:04:53,112: INFO: [train.py:1731]: Train: , Time 117.74
2025-02-21 00:04:53,112: INFO: [train.py:1732]: Train completed. Final metrics: 
2025-02-21 00:06:13,518: INFO: [train.py:1811]: Valid: Val Loss 0.3749, Val Acc (85.94, 85.94), Time 80.41
2025-02-21 00:06:13,518: INFO: [train.py:1813]: 
2025-02-21 00:06:13,519: INFO: [train.py:1566]: Epoch 018, Learning Rate 4.30467e-06
2025-02-21 00:08:10,519: INFO: [train.py:1731]: Train: , Time 117.00
2025-02-21 00:08:10,519: INFO: [train.py:1732]: Train completed. Final metrics: 
2025-02-21 00:09:29,736: INFO: [train.py:1811]: Valid: Val Loss 0.3981, Val Acc (84.64, 84.64), Time 79.22
2025-02-21 00:09:29,736: INFO: [train.py:1813]: 
2025-02-21 00:09:29,737: INFO: [train.py:1566]: Epoch 019, Learning Rate 3.8742e-06
2025-02-21 00:11:26,705: INFO: [train.py:1731]: Train: , Time 116.97
2025-02-21 00:11:26,705: INFO: [train.py:1732]: Train completed. Final metrics: 
2025-02-21 00:12:47,161: INFO: [train.py:1811]: Valid: Val Loss 0.5707, Val Acc (72.78, 72.78), Time 80.46
2025-02-21 00:12:47,161: INFO: [train.py:1813]: 
2025-02-21 00:12:47,162: INFO: [train.py:1566]: Epoch 020, Learning Rate 3.8742e-06
2025-02-21 00:14:44,040: INFO: [train.py:1731]: Train: , Time 116.88
2025-02-21 00:14:44,040: INFO: [train.py:1732]: Train completed. Final metrics: 
2025-02-21 00:16:03,727: INFO: [train.py:1811]: Valid: Val Loss 0.4725, Val Acc (79.21, 79.21), Time 79.69
2025-02-21 00:16:03,727: INFO: [train.py:1813]: 
2025-02-21 00:16:03,728: INFO: [train.py:1566]: Epoch 021, Learning Rate 3.48678e-06
2025-02-21 00:18:01,025: INFO: [train.py:1731]: Train: , Time 117.30
2025-02-21 00:18:01,025: INFO: [train.py:1732]: Train completed. Final metrics: 
2025-02-21 00:19:20,717: INFO: [train.py:1811]: Valid: Val Loss 0.3595, Val Acc (86.71, 86.71), Time 79.69
2025-02-21 00:19:20,717: INFO: [train.py:1813]: 
2025-02-21 00:19:22,271: INFO: [train.py:1566]: Epoch 022, Learning Rate 3.48678e-06
2025-02-21 00:21:19,490: INFO: [train.py:1731]: Train: , Time 117.22
2025-02-21 00:21:19,490: INFO: [train.py:1732]: Train completed. Final metrics: 
2025-02-21 00:22:37,929: INFO: [train.py:1811]: Valid: Val Loss 0.4043, Val Acc (83.67, 83.67), Time 78.44
2025-02-21 00:22:37,929: INFO: [train.py:1813]: 
2025-02-21 00:22:37,930: INFO: [train.py:1566]: Epoch 023, Learning Rate 3.13811e-06
2025-02-21 00:24:34,705: INFO: [train.py:1731]: Train: , Time 116.77
2025-02-21 00:24:34,706: INFO: [train.py:1732]: Train completed. Final metrics: 
2025-02-21 00:25:54,708: INFO: [train.py:1811]: Valid: Val Loss 0.3368, Val Acc (88.30, 88.30), Time 80.00
2025-02-21 00:25:54,708: INFO: [train.py:1813]: 
2025-02-21 00:25:54,709: INFO: [train.py:1566]: Epoch 024, Learning Rate 3.13811e-06
2025-02-21 00:27:51,982: INFO: [train.py:1731]: Train: , Time 117.27
2025-02-21 00:27:51,983: INFO: [train.py:1732]: Train completed. Final metrics: 
2025-02-21 00:29:12,025: INFO: [train.py:1811]: Valid: Val Loss 0.3796, Val Acc (85.43, 85.43), Time 80.04
2025-02-21 00:29:12,025: INFO: [train.py:1813]: 
2025-02-21 00:29:12,026: INFO: [train.py:1566]: Epoch 025, Learning Rate 2.8243e-06
2025-02-21 00:31:08,671: INFO: [train.py:1731]: Train: , Time 116.64
2025-02-21 00:31:08,671: INFO: [train.py:1732]: Train completed. Final metrics: 
2025-02-21 00:32:28,388: INFO: [train.py:1811]: Valid: Val Loss 0.4550, Val Acc (80.45, 80.45), Time 79.72
2025-02-21 00:32:28,388: INFO: [train.py:1813]: 
2025-02-21 00:32:28,388: INFO: [train.py:1566]: Epoch 026, Learning Rate 2.8243e-06
2025-02-21 00:34:25,380: INFO: [train.py:1731]: Train: , Time 116.99
2025-02-21 00:34:25,380: INFO: [train.py:1732]: Train completed. Final metrics: 
2025-02-21 00:35:44,433: INFO: [train.py:1811]: Valid: Val Loss 0.4201, Val Acc (83.06, 83.06), Time 79.05
2025-02-21 00:35:44,433: INFO: [train.py:1813]: 
2025-02-21 00:35:46,532: INFO: [train.py:1566]: Epoch 027, Learning Rate 2.54187e-06
2025-02-21 00:37:43,921: INFO: [train.py:1731]: Train: , Time 117.39
2025-02-21 00:37:43,922: INFO: [train.py:1732]: Train completed. Final metrics: 
2025-02-21 00:39:04,073: INFO: [train.py:1811]: Valid: Val Loss 0.4214, Val Acc (82.42, 82.42), Time 80.15
2025-02-21 00:39:04,073: INFO: [train.py:1813]: 
2025-02-21 00:39:04,074: INFO: [train.py:1566]: Epoch 028, Learning Rate 2.54187e-06
2025-02-21 00:41:01,136: INFO: [train.py:1731]: Train: , Time 117.06
2025-02-21 00:41:01,136: INFO: [train.py:1732]: Train completed. Final metrics: 
2025-02-21 00:42:21,152: INFO: [train.py:1811]: Valid: Val Loss 0.5325, Val Acc (76.08, 76.08), Time 80.02
2025-02-21 00:42:21,153: INFO: [train.py:1813]: 
2025-02-21 00:42:21,154: INFO: [train.py:1566]: Epoch 029, Learning Rate 2.28768e-06
2025-02-21 00:44:18,347: INFO: [train.py:1731]: Train: , Time 117.19
2025-02-21 00:44:18,347: INFO: [train.py:1732]: Train completed. Final metrics: 
2025-02-21 00:45:38,316: INFO: [train.py:1811]: Valid: Val Loss 0.4019, Val Acc (84.03, 84.03), Time 79.97
2025-02-21 00:45:38,317: INFO: [train.py:1813]: 
2025-02-21 00:45:38,317: INFO: [train.py:1566]: Epoch 030, Learning Rate 2.28768e-06
2025-02-21 00:47:34,935: INFO: [train.py:1731]: Train: , Time 116.62
2025-02-21 00:47:34,935: INFO: [train.py:1732]: Train completed. Final metrics: 
2025-02-21 00:48:54,266: INFO: [train.py:1811]: Valid: Val Loss 0.4704, Val Acc (80.07, 80.07), Time 79.33
2025-02-21 00:48:54,266: INFO: [train.py:1813]: 
2025-02-21 00:48:54,267: INFO: [train.py:1566]: Epoch 031, Learning Rate 2.05891e-06
2025-02-21 00:50:51,376: INFO: [train.py:1731]: Train: , Time 117.11
2025-02-21 00:50:51,377: INFO: [train.py:1732]: Train completed. Final metrics: 
2025-02-21 00:52:10,317: INFO: [train.py:1811]: Valid: Val Loss 0.3801, Val Acc (85.35, 85.35), Time 78.94
2025-02-21 00:52:10,317: INFO: [train.py:1813]: 
2025-02-21 00:52:12,176: INFO: [train.py:1566]: Epoch 032, Learning Rate 2.05891e-06
2025-02-21 00:54:09,295: INFO: [train.py:1731]: Train: , Time 117.12
2025-02-21 00:54:09,295: INFO: [train.py:1732]: Train completed. Final metrics: 
2025-02-21 00:55:28,966: INFO: [train.py:1811]: Valid: Val Loss 0.3689, Val Acc (85.84, 85.84), Time 79.67
2025-02-21 00:55:28,966: INFO: [train.py:1813]: 
2025-02-21 00:55:28,967: INFO: [train.py:1566]: Epoch 033, Learning Rate 1.85302e-06
2025-02-21 00:57:25,871: INFO: [train.py:1731]: Train: , Time 116.90
2025-02-21 00:57:25,872: INFO: [train.py:1732]: Train completed. Final metrics: 
2025-02-21 00:58:44,296: INFO: [train.py:1811]: Valid: Val Loss 0.3772, Val Acc (85.58, 85.58), Time 78.42
2025-02-21 00:58:44,297: INFO: [train.py:1813]: 
2025-02-21 00:58:44,297: INFO: [train.py:1566]: Epoch 034, Learning Rate 1.85302e-06
2025-02-21 01:00:40,914: INFO: [train.py:1731]: Train: , Time 116.62
2025-02-21 01:00:40,914: INFO: [train.py:1732]: Train completed. Final metrics: 
2025-02-21 01:02:01,787: INFO: [train.py:1811]: Valid: Val Loss 0.4680, Val Acc (79.72, 79.72), Time 80.87
2025-02-21 01:02:01,787: INFO: [train.py:1813]: 
2025-02-21 01:02:01,788: INFO: [train.py:1566]: Epoch 035, Learning Rate 1.66772e-06
2025-02-21 01:03:59,525: INFO: [train.py:1731]: Train: , Time 117.74
2025-02-21 01:03:59,525: INFO: [train.py:1732]: Train completed. Final metrics: 
2025-02-21 01:05:19,272: INFO: [train.py:1811]: Valid: Val Loss 0.3407, Val Acc (87.55, 87.55), Time 79.75
2025-02-21 01:05:19,272: INFO: [train.py:1813]: 
2025-02-21 01:05:19,273: INFO: [train.py:1566]: Epoch 036, Learning Rate 1.66772e-06
2025-02-21 01:07:16,172: INFO: [train.py:1731]: Train: , Time 116.90
2025-02-21 01:07:16,172: INFO: [train.py:1732]: Train completed. Final metrics: 
2025-02-21 01:08:35,546: INFO: [train.py:1811]: Valid: Val Loss 0.3946, Val Acc (84.63, 84.63), Time 79.37
2025-02-21 01:08:35,546: INFO: [train.py:1813]: 
2025-02-21 01:08:37,306: INFO: [train.py:1566]: Epoch 037, Learning Rate 1.50095e-06
2025-02-21 01:10:34,472: INFO: [train.py:1731]: Train: , Time 117.17
2025-02-21 01:10:34,472: INFO: [train.py:1732]: Train completed. Final metrics: 
2025-02-21 01:11:53,507: INFO: [train.py:1811]: Valid: Val Loss 0.3589, Val Acc (86.53, 86.53), Time 79.03
2025-02-21 01:11:53,507: INFO: [train.py:1813]: 
2025-02-21 01:11:53,508: INFO: [train.py:1566]: Epoch 038, Learning Rate 1.50095e-06
2025-02-21 01:13:50,793: INFO: [train.py:1731]: Train: , Time 117.28
2025-02-21 01:13:50,793: INFO: [train.py:1732]: Train completed. Final metrics: 
2025-02-21 01:15:10,123: INFO: [train.py:1811]: Valid: Val Loss 0.4380, Val Acc (81.84, 81.84), Time 79.33
2025-02-21 01:15:10,123: INFO: [train.py:1813]: 
2025-02-21 01:15:10,124: INFO: [train.py:1566]: Epoch 039, Learning Rate 1.35085e-06
2025-02-21 01:17:07,222: INFO: [train.py:1731]: Train: , Time 117.10
2025-02-21 01:17:07,222: INFO: [train.py:1732]: Train completed. Final metrics: 
2025-02-21 01:18:26,118: INFO: [train.py:1811]: Valid: Val Loss 0.3256, Val Acc (87.96, 87.96), Time 78.89
2025-02-21 01:18:26,118: INFO: [train.py:1813]: 
2025-02-21 01:18:26,118: INFO: [train.py:1566]: Epoch 040, Learning Rate 1.35085e-06
2025-02-21 01:20:23,018: INFO: [train.py:1731]: Train: , Time 116.90
2025-02-21 01:20:23,018: INFO: [train.py:1732]: Train completed. Final metrics: 
2025-02-21 01:21:43,095: INFO: [train.py:1811]: Valid: Val Loss 0.4155, Val Acc (83.17, 83.17), Time 80.08
2025-02-21 01:21:43,095: INFO: [train.py:1813]: 
2025-02-21 01:21:43,096: INFO: [train.py:1566]: Epoch 041, Learning Rate 1.21577e-06
2025-02-21 01:23:40,900: INFO: [train.py:1731]: Train: , Time 117.80
2025-02-21 01:23:40,900: INFO: [train.py:1732]: Train completed. Final metrics: 
2025-02-21 01:25:00,043: INFO: [train.py:1811]: Valid: Val Loss 0.4580, Val Acc (80.64, 80.64), Time 79.14
2025-02-21 01:25:00,044: INFO: [train.py:1813]: 
2025-02-21 01:25:01,786: INFO: [train.py:1566]: Epoch 042, Learning Rate 1.21577e-06
2025-02-21 01:26:59,094: INFO: [train.py:1731]: Train: , Time 117.31
2025-02-21 01:26:59,094: INFO: [train.py:1732]: Train completed. Final metrics: 
2025-02-21 01:28:18,502: INFO: [train.py:1811]: Valid: Val Loss 0.3802, Val Acc (85.37, 85.37), Time 79.41
2025-02-21 01:28:18,502: INFO: [train.py:1813]: 
2025-02-21 01:28:18,503: INFO: [train.py:1566]: Epoch 043, Learning Rate 1.09419e-06
2025-02-21 01:30:15,295: INFO: [train.py:1731]: Train: , Time 116.79
2025-02-21 01:30:15,295: INFO: [train.py:1732]: Train completed. Final metrics: 
2025-02-21 01:31:34,517: INFO: [train.py:1811]: Valid: Val Loss 0.3300, Val Acc (87.67, 87.67), Time 79.22
2025-02-21 01:31:34,517: INFO: [train.py:1813]: 
2025-02-21 01:31:34,518: INFO: [train.py:1566]: Epoch 044, Learning Rate 1.09419e-06
2025-02-21 01:33:31,078: INFO: [train.py:1731]: Train: , Time 116.56
2025-02-21 01:33:31,078: INFO: [train.py:1732]: Train completed. Final metrics: 
2025-02-21 01:34:49,804: INFO: [train.py:1811]: Valid: Val Loss 0.3866, Val Acc (84.68, 84.68), Time 78.73
2025-02-21 01:34:49,805: INFO: [train.py:1813]: 
2025-02-21 01:34:49,805: INFO: [train.py:1566]: Epoch 045, Learning Rate 9.84771e-07
2025-02-21 01:36:46,933: INFO: [train.py:1731]: Train: , Time 117.13
2025-02-21 01:36:46,933: INFO: [train.py:1732]: Train completed. Final metrics: 
2025-02-21 01:38:07,982: INFO: [train.py:1811]: Valid: Val Loss 0.3008, Val Acc (89.51, 89.51), Time 81.05
2025-02-21 01:38:07,982: INFO: [train.py:1813]: 
2025-02-21 01:38:07,982: INFO: [train.py:1566]: Epoch 046, Learning Rate 9.84771e-07
2025-02-21 01:40:05,514: INFO: [train.py:1731]: Train: , Time 117.53
2025-02-21 01:40:05,514: INFO: [train.py:1732]: Train completed. Final metrics: 
2025-02-21 01:41:24,116: INFO: [train.py:1811]: Valid: Val Loss 0.3721, Val Acc (85.60, 85.60), Time 78.60
2025-02-21 01:41:24,116: INFO: [train.py:1813]: 
2025-02-21 01:41:26,237: INFO: [train.py:1566]: Epoch 047, Learning Rate 8.86294e-07
2025-02-21 01:43:23,206: INFO: [train.py:1731]: Train: , Time 116.97
2025-02-21 01:43:23,206: INFO: [train.py:1732]: Train completed. Final metrics: 
2025-02-21 01:44:42,926: INFO: [train.py:1811]: Valid: Val Loss 0.3594, Val Acc (86.17, 86.17), Time 79.72
2025-02-21 01:44:42,926: INFO: [train.py:1813]: 
2025-02-21 01:44:42,927: INFO: [train.py:1566]: Epoch 048, Learning Rate 8.86294e-07
2025-02-21 01:46:39,705: INFO: [train.py:1731]: Train: , Time 116.78
2025-02-21 01:46:39,705: INFO: [train.py:1732]: Train completed. Final metrics: 
2025-02-21 01:47:58,052: INFO: [train.py:1811]: Valid: Val Loss 0.4383, Val Acc (81.88, 81.88), Time 78.35
2025-02-21 01:47:58,052: INFO: [train.py:1813]: 
2025-02-21 01:47:58,053: INFO: [train.py:1566]: Epoch 049, Learning Rate 7.97664e-07
2025-02-21 01:49:54,703: INFO: [train.py:1731]: Train: , Time 116.65
2025-02-21 01:49:54,704: INFO: [train.py:1732]: Train completed. Final metrics: 
2025-02-21 01:51:13,742: INFO: [train.py:1811]: Valid: Val Loss 0.3514, Val Acc (86.60, 86.60), Time 79.04
2025-02-21 01:51:13,743: INFO: [train.py:1813]: 
2025-02-21 01:51:13,743: INFO: [train.py:1566]: Epoch 050, Learning Rate 7.97664e-07
2025-02-21 01:53:10,756: INFO: [train.py:1731]: Train: , Time 117.01
2025-02-21 01:53:10,756: INFO: [train.py:1732]: Train completed. Final metrics: 
2025-02-21 01:54:30,479: INFO: [train.py:1811]: Valid: Val Loss 0.5864, Val Acc (73.62, 73.62), Time 79.72
2025-02-21 01:54:30,480: INFO: [train.py:1813]: 
2025-02-21 01:54:30,480: INFO: [train.py:1566]: Epoch 051, Learning Rate 7.17898e-07
2025-02-21 01:56:27,641: INFO: [train.py:1731]: Train: , Time 117.16
2025-02-21 01:56:27,641: INFO: [train.py:1732]: Train completed. Final metrics: 
2025-02-21 01:57:46,687: INFO: [train.py:1811]: Valid: Val Loss 0.4517, Val Acc (80.84, 80.84), Time 79.04
2025-02-21 01:57:46,687: INFO: [train.py:1813]: 
2025-02-21 01:57:49,552: INFO: [train.py:1566]: Epoch 052, Learning Rate 7.17898e-07
2025-02-21 01:59:46,543: INFO: [train.py:1731]: Train: , Time 116.99
2025-02-21 01:59:46,543: INFO: [train.py:1732]: Train completed. Final metrics: 
2025-02-21 02:01:06,277: INFO: [train.py:1811]: Valid: Val Loss 0.4563, Val Acc (80.76, 80.76), Time 79.73
2025-02-21 02:01:06,277: INFO: [train.py:1813]: 
2025-02-21 02:01:06,278: INFO: [train.py:1566]: Epoch 053, Learning Rate 6.46108e-07
2025-02-21 02:03:03,120: INFO: [train.py:1731]: Train: , Time 116.84
2025-02-21 02:03:03,120: INFO: [train.py:1732]: Train completed. Final metrics: 
2025-02-21 02:04:23,284: INFO: [train.py:1811]: Valid: Val Loss 0.3011, Val Acc (89.34, 89.34), Time 80.16
2025-02-21 02:04:23,285: INFO: [train.py:1813]: 
2025-02-21 02:04:23,285: INFO: [train.py:1566]: Epoch 054, Learning Rate 6.46108e-07
2025-02-21 02:06:20,540: INFO: [train.py:1731]: Train: , Time 117.25
2025-02-21 02:06:20,540: INFO: [train.py:1732]: Train completed. Final metrics: 
2025-02-21 02:07:39,380: INFO: [train.py:1811]: Valid: Val Loss 0.3556, Val Acc (86.72, 86.72), Time 78.84
2025-02-21 02:07:39,381: INFO: [train.py:1813]: 
2025-02-21 02:07:39,381: INFO: [train.py:1566]: Epoch 055, Learning Rate 5.81497e-07
2025-02-21 02:09:36,439: INFO: [train.py:1731]: Train: , Time 117.06
2025-02-21 02:09:36,439: INFO: [train.py:1732]: Train completed. Final metrics: 
2025-02-21 02:10:56,265: INFO: [train.py:1811]: Valid: Val Loss 0.3637, Val Acc (86.26, 86.26), Time 79.82
2025-02-21 02:10:56,266: INFO: [train.py:1813]: 
2025-02-21 02:10:56,267: INFO: [train.py:1566]: Epoch 056, Learning Rate 5.81497e-07
2025-02-21 02:12:52,962: INFO: [train.py:1731]: Train: , Time 116.69
2025-02-21 02:12:52,962: INFO: [train.py:1732]: Train completed. Final metrics: 
2025-02-21 02:14:12,083: INFO: [train.py:1811]: Valid: Val Loss 0.3380, Val Acc (87.30, 87.30), Time 79.12
2025-02-21 02:14:12,083: INFO: [train.py:1813]: 
2025-02-21 02:14:14,223: INFO: [train.py:1566]: Epoch 057, Learning Rate 5.23348e-07
2025-02-21 02:16:11,525: INFO: [train.py:1731]: Train: , Time 117.30
2025-02-21 02:16:11,525: INFO: [train.py:1732]: Train completed. Final metrics: 
2025-02-21 02:17:31,800: INFO: [train.py:1811]: Valid: Val Loss 0.2614, Val Acc (91.28, 91.28), Time 80.27
2025-02-21 02:17:31,800: INFO: [train.py:1813]: 
2025-02-21 02:17:31,800: INFO: [train.py:1566]: Epoch 058, Learning Rate 5.23348e-07
2025-02-21 02:19:28,759: INFO: [train.py:1731]: Train: , Time 116.96
2025-02-21 02:19:28,759: INFO: [train.py:1732]: Train completed. Final metrics: 
2025-02-21 02:20:47,964: INFO: [train.py:1811]: Valid: Val Loss 0.3630, Val Acc (85.91, 85.91), Time 79.20
2025-02-21 02:20:47,964: INFO: [train.py:1813]: 
2025-02-21 02:20:47,965: INFO: [train.py:1566]: Epoch 059, Learning Rate 4.71013e-07
2025-02-21 02:22:45,196: INFO: [train.py:1731]: Train: , Time 117.23
2025-02-21 02:22:45,196: INFO: [train.py:1732]: Train completed. Final metrics: 
2025-02-21 02:24:04,513: INFO: [train.py:1811]: Valid: Val Loss 0.5003, Val Acc (78.68, 78.68), Time 79.32
2025-02-21 02:24:04,513: INFO: [train.py:1813]: 
2025-02-21 02:24:04,513: INFO: [train.py:1566]: Epoch 060, Learning Rate 4.71013e-07
2025-02-21 02:26:01,654: INFO: [train.py:1731]: Train: , Time 117.14
2025-02-21 02:26:01,654: INFO: [train.py:1732]: Train completed. Final metrics: 
2025-02-21 02:27:20,798: INFO: [train.py:1811]: Valid: Val Loss 0.3634, Val Acc (86.36, 86.36), Time 79.14
2025-02-21 02:27:20,798: INFO: [train.py:1813]: 
2025-02-21 02:27:20,799: INFO: [train.py:1566]: Epoch 061, Learning Rate 4.23912e-07
2025-02-21 02:29:17,958: INFO: [train.py:1731]: Train: , Time 117.16
2025-02-21 02:29:17,958: INFO: [train.py:1732]: Train completed. Final metrics: 
2025-02-21 02:30:37,777: INFO: [train.py:1811]: Valid: Val Loss 0.4360, Val Acc (82.07, 82.07), Time 79.82
2025-02-21 02:30:37,777: INFO: [train.py:1813]: 
2025-02-21 02:30:39,943: INFO: [train.py:1566]: Epoch 062, Learning Rate 4.23912e-07
2025-02-21 02:32:36,982: INFO: [train.py:1731]: Train: , Time 117.04
2025-02-21 02:32:36,982: INFO: [train.py:1732]: Train completed. Final metrics: 
2025-02-21 02:33:56,879: INFO: [train.py:1811]: Valid: Val Loss 0.3399, Val Acc (86.86, 86.86), Time 79.90
2025-02-21 02:33:56,879: INFO: [train.py:1813]: 
2025-02-21 02:33:56,879: INFO: [train.py:1566]: Epoch 063, Learning Rate 3.8152e-07
2025-02-21 02:35:54,139: INFO: [train.py:1731]: Train: , Time 117.26
2025-02-21 02:35:54,140: INFO: [train.py:1732]: Train completed. Final metrics: 
2025-02-21 02:37:13,251: INFO: [train.py:1811]: Valid: Val Loss 0.3835, Val Acc (85.18, 85.18), Time 79.11
2025-02-21 02:37:13,251: INFO: [train.py:1813]: 
2025-02-21 02:37:13,252: INFO: [train.py:1566]: Epoch 064, Learning Rate 3.8152e-07
2025-02-21 02:39:10,292: INFO: [train.py:1731]: Train: , Time 117.04
2025-02-21 02:39:10,293: INFO: [train.py:1732]: Train completed. Final metrics: 
2025-02-21 02:40:29,399: INFO: [train.py:1811]: Valid: Val Loss 0.3305, Val Acc (87.93, 87.93), Time 79.11
2025-02-21 02:40:29,399: INFO: [train.py:1813]: 
2025-02-21 02:40:29,400: INFO: [train.py:1566]: Epoch 065, Learning Rate 3.43368e-07
2025-02-21 02:42:25,938: INFO: [train.py:1731]: Train: , Time 116.54
2025-02-21 02:42:25,938: INFO: [train.py:1732]: Train completed. Final metrics: 
2025-02-21 02:43:45,051: INFO: [train.py:1811]: Valid: Val Loss 0.4831, Val Acc (79.31, 79.31), Time 79.11
2025-02-21 02:43:45,051: INFO: [train.py:1813]: 
2025-02-21 02:43:45,052: INFO: [train.py:1566]: Epoch 066, Learning Rate 3.43368e-07
2025-02-21 02:45:42,247: INFO: [train.py:1731]: Train: , Time 117.19
2025-02-21 02:45:42,247: INFO: [train.py:1732]: Train completed. Final metrics: 
2025-02-21 02:47:02,040: INFO: [train.py:1811]: Valid: Val Loss 0.2605, Val Acc (91.33, 91.33), Time 79.79
2025-02-21 02:47:02,040: INFO: [train.py:1813]: 
2025-02-21 02:47:04,188: INFO: [train.py:1566]: Epoch 067, Learning Rate 3.09032e-07
2025-02-21 02:49:02,205: INFO: [train.py:1731]: Train: , Time 118.01
2025-02-21 02:49:02,206: INFO: [train.py:1732]: Train completed. Final metrics: 
2025-02-21 02:50:21,508: INFO: [train.py:1811]: Valid: Val Loss 0.4163, Val Acc (83.27, 83.27), Time 79.30
2025-02-21 02:50:21,508: INFO: [train.py:1813]: 
2025-02-21 02:50:21,509: INFO: [train.py:1566]: Epoch 068, Learning Rate 3.09032e-07
2025-02-21 02:52:18,895: INFO: [train.py:1731]: Train: , Time 117.38
2025-02-21 02:52:18,895: INFO: [train.py:1732]: Train completed. Final metrics: 
2025-02-21 02:53:38,400: INFO: [train.py:1811]: Valid: Val Loss 0.3851, Val Acc (84.94, 84.94), Time 79.50
2025-02-21 02:53:38,400: INFO: [train.py:1813]: 
2025-02-21 02:53:38,400: INFO: [train.py:1566]: Epoch 069, Learning Rate 2.78128e-07
2025-02-21 02:55:34,742: INFO: [train.py:1731]: Train: , Time 116.34
2025-02-21 02:55:34,743: INFO: [train.py:1732]: Train completed. Final metrics: 
2025-02-21 02:56:53,788: INFO: [train.py:1811]: Valid: Val Loss 0.5453, Val Acc (75.55, 75.55), Time 79.04
2025-02-21 02:56:53,788: INFO: [train.py:1813]: 
2025-02-21 02:56:53,790: INFO: [train.py:1566]: Epoch 070, Learning Rate 2.78128e-07
2025-02-21 02:58:51,019: INFO: [train.py:1731]: Train: , Time 117.23
2025-02-21 02:58:51,019: INFO: [train.py:1732]: Train completed. Final metrics: 
2025-02-21 03:00:09,804: INFO: [train.py:1811]: Valid: Val Loss 0.4106, Val Acc (83.60, 83.60), Time 78.78
2025-02-21 03:00:09,804: INFO: [train.py:1813]: 
2025-02-21 03:00:09,804: INFO: [train.py:1566]: Epoch 071, Learning Rate 2.50316e-07
2025-02-21 03:02:06,959: INFO: [train.py:1731]: Train: , Time 117.15
2025-02-21 03:02:06,959: INFO: [train.py:1732]: Train completed. Final metrics: 
2025-02-21 03:03:28,549: INFO: [train.py:1811]: Valid: Val Loss 0.3973, Val Acc (84.54, 84.54), Time 81.59
2025-02-21 03:03:28,550: INFO: [train.py:1813]: 
2025-02-21 03:03:30,676: INFO: [train.py:1566]: Epoch 072, Learning Rate 2.50316e-07
2025-02-21 03:05:27,677: INFO: [train.py:1731]: Train: , Time 117.00
2025-02-21 03:05:27,677: INFO: [train.py:1732]: Train completed. Final metrics: 
2025-02-21 03:06:48,930: INFO: [train.py:1811]: Valid: Val Loss 0.4445, Val Acc (81.73, 81.73), Time 81.25
2025-02-21 03:06:48,931: INFO: [train.py:1813]: 
2025-02-21 03:06:48,931: INFO: [train.py:1566]: Epoch 073, Learning Rate 2.25284e-07
2025-02-21 03:08:45,986: INFO: [train.py:1731]: Train: , Time 117.05
2025-02-21 03:08:45,986: INFO: [train.py:1732]: Train completed. Final metrics: 
2025-02-21 03:10:05,604: INFO: [train.py:1811]: Valid: Val Loss 0.5061, Val Acc (77.70, 77.70), Time 79.62
2025-02-21 03:10:05,604: INFO: [train.py:1813]: 
2025-02-21 03:10:05,604: INFO: [train.py:1566]: Epoch 074, Learning Rate 2.25284e-07
2025-02-21 03:12:03,417: INFO: [train.py:1731]: Train: , Time 117.81
2025-02-21 03:12:03,417: INFO: [train.py:1732]: Train completed. Final metrics: 
2025-02-21 03:13:21,722: INFO: [train.py:1811]: Valid: Val Loss 0.5220, Val Acc (77.54, 77.54), Time 78.30
2025-02-21 03:13:21,722: INFO: [train.py:1813]: 
2025-02-21 03:13:21,723: INFO: [train.py:1566]: Epoch 075, Learning Rate 2.02756e-07
2025-02-21 03:15:18,927: INFO: [train.py:1731]: Train: , Time 117.20
2025-02-21 03:15:18,927: INFO: [train.py:1732]: Train completed. Final metrics: 
2025-02-21 03:16:38,815: INFO: [train.py:1811]: Valid: Val Loss 0.3408, Val Acc (87.23, 87.23), Time 79.89
2025-02-21 03:16:38,815: INFO: [train.py:1813]: 
2025-02-21 03:16:38,816: INFO: [train.py:1566]: Epoch 076, Learning Rate 2.02756e-07
2025-02-21 03:18:35,860: INFO: [train.py:1731]: Train: , Time 117.04
2025-02-21 03:18:35,860: INFO: [train.py:1732]: Train completed. Final metrics: 
2025-02-21 03:19:56,146: INFO: [train.py:1811]: Valid: Val Loss 0.3638, Val Acc (86.06, 86.06), Time 80.29
2025-02-21 03:19:56,146: INFO: [train.py:1813]: 
2025-02-21 03:19:58,238: INFO: [train.py:1566]: Epoch 077, Learning Rate 1.8248e-07
2025-02-21 03:21:55,741: INFO: [train.py:1731]: Train: , Time 117.50
2025-02-21 03:21:55,741: INFO: [train.py:1732]: Train completed. Final metrics: 
2025-02-21 03:23:17,480: INFO: [train.py:1811]: Valid: Val Loss 0.3385, Val Acc (87.39, 87.39), Time 81.74
2025-02-21 03:23:17,480: INFO: [train.py:1813]: 
2025-02-21 03:23:17,481: INFO: [train.py:1566]: Epoch 078, Learning Rate 1.8248e-07
2025-02-21 03:25:14,815: INFO: [train.py:1731]: Train: , Time 117.33
2025-02-21 03:25:14,815: INFO: [train.py:1732]: Train completed. Final metrics: 
2025-02-21 03:26:35,101: INFO: [train.py:1811]: Valid: Val Loss 0.3780, Val Acc (85.54, 85.54), Time 80.28
2025-02-21 03:26:35,101: INFO: [train.py:1813]: 
2025-02-21 03:26:35,101: INFO: [train.py:1566]: Epoch 079, Learning Rate 1.64232e-07
2025-02-21 03:28:32,199: INFO: [train.py:1731]: Train: , Time 117.10
2025-02-21 03:28:32,199: INFO: [train.py:1732]: Train completed. Final metrics: 
2025-02-21 03:29:50,992: INFO: [train.py:1811]: Valid: Val Loss 0.4744, Val Acc (79.88, 79.88), Time 78.79
2025-02-21 03:29:50,992: INFO: [train.py:1813]: 
2025-02-21 03:29:50,992: INFO: [train.py:1566]: Epoch 080, Learning Rate 1.64232e-07
2025-02-21 03:31:47,932: INFO: [train.py:1731]: Train: , Time 116.94
2025-02-21 03:31:47,932: INFO: [train.py:1732]: Train completed. Final metrics: 
2025-02-21 03:33:07,072: INFO: [train.py:1811]: Valid: Val Loss 0.3986, Val Acc (84.19, 84.19), Time 79.14
2025-02-21 03:33:07,072: INFO: [train.py:1813]: 
2025-02-21 03:33:07,073: INFO: [train.py:1566]: Epoch 081, Learning Rate 1.47809e-07
2025-02-21 03:35:04,604: INFO: [train.py:1731]: Train: , Time 117.53
2025-02-21 03:35:04,604: INFO: [train.py:1732]: Train completed. Final metrics: 
2025-02-21 03:36:23,844: INFO: [train.py:1811]: Valid: Val Loss 0.4619, Val Acc (80.79, 80.79), Time 79.24
2025-02-21 03:36:23,844: INFO: [train.py:1813]: 
2025-02-21 03:36:26,047: INFO: [train.py:1566]: Epoch 082, Learning Rate 1.47809e-07
2025-02-21 03:38:23,212: INFO: [train.py:1731]: Train: , Time 117.16
2025-02-21 03:38:23,212: INFO: [train.py:1732]: Train completed. Final metrics: 
2025-02-21 03:39:42,565: INFO: [train.py:1811]: Valid: Val Loss 0.2787, Val Acc (90.42, 90.42), Time 79.35
2025-02-21 03:39:42,565: INFO: [train.py:1813]: 
2025-02-21 03:39:42,566: INFO: [train.py:1566]: Epoch 083, Learning Rate 1.33028e-07
2025-02-21 03:41:39,446: INFO: [train.py:1731]: Train: , Time 116.88
2025-02-21 03:41:39,446: INFO: [train.py:1732]: Train completed. Final metrics: 
2025-02-21 03:42:57,934: INFO: [train.py:1811]: Valid: Val Loss 0.6263, Val Acc (71.42, 71.42), Time 78.49
2025-02-21 03:42:57,934: INFO: [train.py:1813]: 
2025-02-21 03:42:57,935: INFO: [train.py:1566]: Epoch 084, Learning Rate 1.33028e-07
2025-02-21 03:44:54,964: INFO: [train.py:1731]: Train: , Time 117.03
2025-02-21 03:44:54,965: INFO: [train.py:1732]: Train completed. Final metrics: 
2025-02-21 03:46:14,700: INFO: [train.py:1811]: Valid: Val Loss 0.2750, Val Acc (90.53, 90.53), Time 79.73
2025-02-21 03:46:14,700: INFO: [train.py:1813]: 
2025-02-21 03:46:14,701: INFO: [train.py:1566]: Epoch 085, Learning Rate 1.19725e-07
2025-02-21 03:48:11,523: INFO: [train.py:1731]: Train: , Time 116.82
2025-02-21 03:48:11,523: INFO: [train.py:1732]: Train completed. Final metrics: 
2025-02-21 03:49:30,573: INFO: [train.py:1811]: Valid: Val Loss 0.3970, Val Acc (84.32, 84.32), Time 79.05
2025-02-21 03:49:30,573: INFO: [train.py:1813]: 
2025-02-21 03:49:30,574: INFO: [train.py:1566]: Epoch 086, Learning Rate 1.19725e-07
2025-02-21 03:51:27,552: INFO: [train.py:1731]: Train: , Time 116.98
2025-02-21 03:51:27,552: INFO: [train.py:1732]: Train completed. Final metrics: 
2025-02-21 03:52:46,845: INFO: [train.py:1811]: Valid: Val Loss 0.4061, Val Acc (83.90, 83.90), Time 79.29
2025-02-21 03:52:46,845: INFO: [train.py:1813]: 
2025-02-21 03:52:48,232: INFO: [train.py:1566]: Epoch 087, Learning Rate 1.07753e-07
2025-02-21 03:54:45,366: INFO: [train.py:1731]: Train: , Time 117.13
2025-02-21 03:54:45,366: INFO: [train.py:1732]: Train completed. Final metrics: 
2025-02-21 03:56:04,524: INFO: [train.py:1811]: Valid: Val Loss 0.3065, Val Acc (88.58, 88.58), Time 79.16
2025-02-21 03:56:04,524: INFO: [train.py:1813]: 
2025-02-21 03:56:04,524: INFO: [train.py:1566]: Epoch 088, Learning Rate 1.07753e-07
2025-02-21 03:58:00,968: INFO: [train.py:1731]: Train: , Time 116.44
2025-02-21 03:58:00,968: INFO: [train.py:1732]: Train completed. Final metrics: 
2025-02-21 03:59:21,261: INFO: [train.py:1811]: Valid: Val Loss 0.4841, Val Acc (79.48, 79.48), Time 80.29
2025-02-21 03:59:21,261: INFO: [train.py:1813]: 
2025-02-21 03:59:21,262: INFO: [train.py:1566]: Epoch 089, Learning Rate 9.69774e-08
2025-02-21 04:01:17,881: INFO: [train.py:1731]: Train: , Time 116.62
2025-02-21 04:01:17,881: INFO: [train.py:1732]: Train completed. Final metrics: 
2025-02-21 04:02:36,751: INFO: [train.py:1811]: Valid: Val Loss 0.2784, Val Acc (90.19, 90.19), Time 78.87
2025-02-21 04:02:36,751: INFO: [train.py:1813]: 
2025-02-21 04:02:36,751: INFO: [train.py:1566]: Epoch 090, Learning Rate 9.69774e-08
2025-02-21 04:04:34,096: INFO: [train.py:1731]: Train: , Time 117.34
2025-02-21 04:04:34,096: INFO: [train.py:1732]: Train completed. Final metrics: 
2025-02-21 04:05:53,266: INFO: [train.py:1811]: Valid: Val Loss 0.4612, Val Acc (80.91, 80.91), Time 79.17
2025-02-21 04:05:53,266: INFO: [train.py:1813]: 
2025-02-21 04:05:53,267: INFO: [train.py:1566]: Epoch 091, Learning Rate 8.72796e-08
2025-02-21 04:07:50,086: INFO: [train.py:1731]: Train: , Time 116.82
2025-02-21 04:07:50,086: INFO: [train.py:1732]: Train completed. Final metrics: 
2025-02-21 04:09:08,720: INFO: [train.py:1811]: Valid: Val Loss 0.4148, Val Acc (83.29, 83.29), Time 78.63
2025-02-21 04:09:08,720: INFO: [train.py:1813]: 
2025-02-21 04:09:10,640: INFO: [train.py:1566]: Epoch 092, Learning Rate 8.72796e-08
2025-02-21 04:11:07,115: INFO: [train.py:1731]: Train: , Time 116.47
2025-02-21 04:11:07,115: INFO: [train.py:1732]: Train completed. Final metrics: 
2025-02-21 04:12:26,982: INFO: [train.py:1811]: Valid: Val Loss 0.4199, Val Acc (82.73, 82.73), Time 79.87
2025-02-21 04:12:26,982: INFO: [train.py:1813]: 
2025-02-21 04:12:26,983: INFO: [train.py:1566]: Epoch 093, Learning Rate 7.85517e-08
2025-02-21 04:14:24,720: INFO: [train.py:1731]: Train: , Time 117.74
2025-02-21 04:14:24,720: INFO: [train.py:1732]: Train completed. Final metrics: 
2025-02-21 04:15:44,315: INFO: [train.py:1811]: Valid: Val Loss 0.3932, Val Acc (84.72, 84.72), Time 79.59
2025-02-21 04:15:44,315: INFO: [train.py:1813]: 
2025-02-21 04:15:44,315: INFO: [train.py:1566]: Epoch 094, Learning Rate 7.85517e-08
2025-02-21 04:17:41,224: INFO: [train.py:1731]: Train: , Time 116.91
2025-02-21 04:17:41,224: INFO: [train.py:1732]: Train completed. Final metrics: 
2025-02-21 04:19:00,673: INFO: [train.py:1811]: Valid: Val Loss 0.4074, Val Acc (83.97, 83.97), Time 79.45
2025-02-21 04:19:00,673: INFO: [train.py:1813]: 
2025-02-21 04:19:00,674: INFO: [train.py:1566]: Epoch 095, Learning Rate 7.06965e-08
2025-02-21 04:20:58,470: INFO: [train.py:1731]: Train: , Time 117.80
2025-02-21 04:20:58,470: INFO: [train.py:1732]: Train completed. Final metrics: 
2025-02-21 04:22:19,066: INFO: [train.py:1811]: Valid: Val Loss 0.3352, Val Acc (87.43, 87.43), Time 80.59
2025-02-21 04:22:19,066: INFO: [train.py:1813]: 
2025-02-21 04:22:19,066: INFO: [train.py:1566]: Epoch 096, Learning Rate 7.06965e-08
2025-02-21 04:24:17,311: INFO: [train.py:1731]: Train: , Time 118.24
2025-02-21 04:24:17,311: INFO: [train.py:1732]: Train completed. Final metrics: 
2025-02-21 04:25:37,684: INFO: [train.py:1811]: Valid: Val Loss 0.4010, Val Acc (84.24, 84.24), Time 80.37
2025-02-21 04:25:37,684: INFO: [train.py:1813]: 
2025-02-21 04:25:39,903: INFO: [train.py:1566]: Epoch 097, Learning Rate 6.36269e-08
2025-02-21 04:27:37,243: INFO: [train.py:1731]: Train: , Time 117.34
2025-02-21 04:27:37,243: INFO: [train.py:1732]: Train completed. Final metrics: 
2025-02-21 04:28:56,800: INFO: [train.py:1811]: Valid: Val Loss 0.3516, Val Acc (86.74, 86.74), Time 79.56
2025-02-21 04:28:56,800: INFO: [train.py:1813]: 
2025-02-21 04:28:56,801: INFO: [train.py:1566]: Epoch 098, Learning Rate 6.36269e-08
2025-02-21 04:30:53,723: INFO: [train.py:1731]: Train: , Time 116.92
2025-02-21 04:30:53,723: INFO: [train.py:1732]: Train completed. Final metrics: 
2025-02-21 04:32:13,818: INFO: [train.py:1811]: Valid: Val Loss 0.2496, Val Acc (91.44, 91.44), Time 80.09
2025-02-21 04:32:13,819: INFO: [train.py:1813]: 
2025-02-21 04:32:13,819: INFO: [train.py:1566]: Epoch 099, Learning Rate 5.72642e-08
2025-02-21 04:34:11,158: INFO: [train.py:1731]: Train: , Time 117.34
2025-02-21 04:34:11,158: INFO: [train.py:1732]: Train completed. Final metrics: 
2025-02-21 04:35:30,761: INFO: [train.py:1811]: Valid: Val Loss 0.4234, Val Acc (82.52, 82.52), Time 79.60
2025-02-21 04:35:30,761: INFO: [train.py:1813]: 
2025-02-21 04:35:30,762: INFO: [train.py:1566]: Epoch 100, Learning Rate 5.72642e-08
2025-02-21 04:37:27,383: INFO: [train.py:1731]: Train: , Time 116.62
2025-02-21 04:37:27,383: INFO: [train.py:1732]: Train completed. Final metrics: 
2025-02-21 04:38:46,537: INFO: [train.py:1811]: Valid: Val Loss 0.3272, Val Acc (87.78, 87.78), Time 79.15
2025-02-21 04:38:46,537: INFO: [train.py:1813]: 
2025-02-21 04:38:46,538: INFO: [train.py:1566]: Epoch 101, Learning Rate 5.15378e-08
2025-02-21 04:40:43,716: INFO: [train.py:1731]: Train: , Time 117.18
2025-02-21 04:40:43,716: INFO: [train.py:1732]: Train completed. Final metrics: 
2025-02-21 04:42:02,442: INFO: [train.py:1811]: Valid: Val Loss 0.3674, Val Acc (86.09, 86.09), Time 78.72
2025-02-21 04:42:02,442: INFO: [train.py:1813]: 
2025-02-21 04:42:04,155: INFO: [train.py:1566]: Epoch 102, Learning Rate 5.15378e-08
2025-02-21 04:44:01,136: INFO: [train.py:1731]: Train: , Time 116.98
2025-02-21 04:44:01,136: INFO: [train.py:1732]: Train completed. Final metrics: 
2025-02-21 04:45:21,331: INFO: [train.py:1811]: Valid: Val Loss 0.4621, Val Acc (80.50, 80.50), Time 80.19
2025-02-21 04:45:21,331: INFO: [train.py:1813]: 
2025-02-21 04:45:21,331: INFO: [train.py:1566]: Epoch 103, Learning Rate 4.6384e-08
2025-02-21 04:47:18,471: INFO: [train.py:1731]: Train: , Time 117.14
2025-02-21 04:47:18,471: INFO: [train.py:1732]: Train completed. Final metrics: 
2025-02-21 04:48:38,828: INFO: [train.py:1811]: Valid: Val Loss 0.4248, Val Acc (82.30, 82.30), Time 80.36
2025-02-21 04:48:38,828: INFO: [train.py:1813]: 
2025-02-21 04:48:38,829: INFO: [train.py:1566]: Epoch 104, Learning Rate 4.6384e-08
2025-02-21 04:50:35,965: INFO: [train.py:1731]: Train: , Time 117.14
2025-02-21 04:50:35,965: INFO: [train.py:1732]: Train completed. Final metrics: 
2025-02-21 04:51:54,682: INFO: [train.py:1811]: Valid: Val Loss 0.4292, Val Acc (82.76, 82.76), Time 78.72
2025-02-21 04:51:54,682: INFO: [train.py:1813]: 
2025-02-21 04:51:54,683: INFO: [train.py:1566]: Epoch 105, Learning Rate 4.17456e-08
2025-02-21 04:53:51,718: INFO: [train.py:1731]: Train: , Time 117.03
2025-02-21 04:53:51,718: INFO: [train.py:1732]: Train completed. Final metrics: 
2025-02-21 04:55:09,485: INFO: [train.py:1811]: Valid: Val Loss 0.4728, Val Acc (80.53, 80.53), Time 77.77
2025-02-21 04:55:09,485: INFO: [train.py:1813]: 
2025-02-21 04:55:09,485: INFO: [train.py:1566]: Epoch 106, Learning Rate 4.17456e-08
2025-02-21 04:57:06,655: INFO: [train.py:1731]: Train: , Time 117.17
2025-02-21 04:57:06,655: INFO: [train.py:1732]: Train completed. Final metrics: 
2025-02-21 04:58:26,490: INFO: [train.py:1811]: Valid: Val Loss 0.3970, Val Acc (84.22, 84.22), Time 79.83
2025-02-21 04:58:26,490: INFO: [train.py:1813]: 
2025-02-21 04:58:28,324: INFO: [train.py:1566]: Epoch 107, Learning Rate 3.7571e-08
2025-02-21 05:00:25,439: INFO: [train.py:1731]: Train: , Time 117.11
2025-02-21 05:00:25,439: INFO: [train.py:1732]: Train completed. Final metrics: 
2025-02-21 05:01:45,664: INFO: [train.py:1811]: Valid: Val Loss 0.3819, Val Acc (85.05, 85.05), Time 80.22
2025-02-21 05:01:45,665: INFO: [train.py:1813]: 
2025-02-21 05:01:45,665: INFO: [train.py:1566]: Epoch 108, Learning Rate 3.7571e-08
2025-02-21 05:03:43,020: INFO: [train.py:1731]: Train: , Time 117.35
2025-02-21 05:03:43,020: INFO: [train.py:1732]: Train completed. Final metrics: 
2025-02-21 05:05:02,507: INFO: [train.py:1811]: Valid: Val Loss 0.5167, Val Acc (78.23, 78.23), Time 79.49
2025-02-21 05:05:02,507: INFO: [train.py:1813]: 
2025-02-21 05:05:02,508: INFO: [train.py:1566]: Epoch 109, Learning Rate 3.38139e-08
2025-02-21 05:06:59,399: INFO: [train.py:1731]: Train: , Time 116.89
2025-02-21 05:06:59,399: INFO: [train.py:1732]: Train completed. Final metrics: 
2025-02-21 05:08:18,478: INFO: [train.py:1811]: Valid: Val Loss 0.3341, Val Acc (87.12, 87.12), Time 79.08
2025-02-21 05:08:18,478: INFO: [train.py:1813]: 
2025-02-21 05:08:18,478: INFO: [train.py:1566]: Epoch 110, Learning Rate 3.38139e-08
2025-02-21 05:10:15,506: INFO: [train.py:1731]: Train: , Time 117.03
2025-02-21 05:10:15,506: INFO: [train.py:1732]: Train completed. Final metrics: 
2025-02-21 05:11:34,834: INFO: [train.py:1811]: Valid: Val Loss 0.4153, Val Acc (83.05, 83.05), Time 79.33
2025-02-21 05:11:34,834: INFO: [train.py:1813]: 
2025-02-21 05:11:34,836: INFO: [train.py:1566]: Epoch 111, Learning Rate 3.04325e-08
2025-02-21 05:13:31,474: INFO: [train.py:1731]: Train: , Time 116.64
2025-02-21 05:13:31,474: INFO: [train.py:1732]: Train completed. Final metrics: 
2025-02-21 05:14:50,497: INFO: [train.py:1811]: Valid: Val Loss 0.2659, Val Acc (90.93, 90.93), Time 79.02
2025-02-21 05:14:50,497: INFO: [train.py:1813]: 
2025-02-21 05:14:52,518: INFO: [train.py:1566]: Epoch 112, Learning Rate 3.04325e-08
2025-02-21 05:16:49,331: INFO: [train.py:1731]: Train: , Time 116.81
2025-02-21 05:16:49,331: INFO: [train.py:1732]: Train completed. Final metrics: 
2025-02-21 05:18:08,558: INFO: [train.py:1811]: Valid: Val Loss 0.3926, Val Acc (84.40, 84.40), Time 79.23
2025-02-21 05:18:08,559: INFO: [train.py:1813]: 
2025-02-21 05:18:08,559: INFO: [train.py:1566]: Epoch 113, Learning Rate 2.73893e-08
2025-02-21 05:20:05,635: INFO: [train.py:1731]: Train: , Time 117.07
2025-02-21 05:20:05,635: INFO: [train.py:1732]: Train completed. Final metrics: 
2025-02-21 05:21:24,899: INFO: [train.py:1811]: Valid: Val Loss 0.3335, Val Acc (87.27, 87.27), Time 79.26
2025-02-21 05:21:24,899: INFO: [train.py:1813]: 
2025-02-21 05:21:24,900: INFO: [train.py:1566]: Epoch 114, Learning Rate 2.73893e-08
2025-02-21 05:23:22,802: INFO: [train.py:1731]: Train: , Time 117.90
2025-02-21 05:23:22,802: INFO: [train.py:1732]: Train completed. Final metrics: 
2025-02-21 05:24:42,217: INFO: [train.py:1811]: Valid: Val Loss 0.4072, Val Acc (83.66, 83.66), Time 79.41
2025-02-21 05:24:42,217: INFO: [train.py:1813]: 
2025-02-21 05:24:42,218: INFO: [train.py:1566]: Epoch 115, Learning Rate 2.46503e-08
2025-02-21 05:26:39,035: INFO: [train.py:1731]: Train: , Time 116.82
2025-02-21 05:26:39,035: INFO: [train.py:1732]: Train completed. Final metrics: 
2025-02-21 05:27:57,456: INFO: [train.py:1811]: Valid: Val Loss 0.3005, Val Acc (89.46, 89.46), Time 78.42
2025-02-21 05:27:57,456: INFO: [train.py:1813]: 
2025-02-21 05:27:57,457: INFO: [train.py:1566]: Epoch 116, Learning Rate 2.46503e-08
2025-02-21 05:29:54,530: INFO: [train.py:1731]: Train: , Time 117.07
2025-02-21 05:29:54,530: INFO: [train.py:1732]: Train completed. Final metrics: 
2025-02-21 05:31:14,338: INFO: [train.py:1811]: Valid: Val Loss 0.4350, Val Acc (82.28, 82.28), Time 79.81
2025-02-21 05:31:14,338: INFO: [train.py:1813]: 
2025-02-21 05:31:15,812: INFO: [train.py:1566]: Epoch 117, Learning Rate 2.21853e-08
2025-02-21 05:33:13,034: INFO: [train.py:1731]: Train: , Time 117.22
2025-02-21 05:33:13,034: INFO: [train.py:1732]: Train completed. Final metrics: 
2025-02-21 05:34:32,498: INFO: [train.py:1811]: Valid: Val Loss 0.3824, Val Acc (85.37, 85.37), Time 79.46
2025-02-21 05:34:32,498: INFO: [train.py:1813]: 
2025-02-21 05:34:32,498: INFO: [train.py:1566]: Epoch 118, Learning Rate 2.21853e-08
2025-02-21 05:36:29,900: INFO: [train.py:1731]: Train: , Time 117.40
2025-02-21 05:36:29,900: INFO: [train.py:1732]: Train completed. Final metrics: 
2025-02-21 05:37:50,450: INFO: [train.py:1811]: Valid: Val Loss 0.3013, Val Acc (89.33, 89.33), Time 80.55
2025-02-21 05:37:50,450: INFO: [train.py:1813]: 
2025-02-21 05:37:50,451: INFO: [train.py:1566]: Epoch 119, Learning Rate 1.99668e-08
2025-02-21 05:39:48,032: INFO: [train.py:1731]: Train: , Time 117.58
2025-02-21 05:39:48,032: INFO: [train.py:1732]: Train completed. Final metrics: 
2025-02-21 05:41:06,854: INFO: [train.py:1811]: Valid: Val Loss 0.5188, Val Acc (77.93, 77.93), Time 78.82
2025-02-21 05:41:06,854: INFO: [train.py:1813]: 
2025-02-21 05:41:06,855: INFO: [train.py:1566]: Epoch 120, Learning Rate 1.99668e-08
2025-02-21 05:43:03,996: INFO: [train.py:1731]: Train: , Time 117.14
2025-02-21 05:43:03,996: INFO: [train.py:1732]: Train completed. Final metrics: 
2025-02-21 05:44:22,738: INFO: [train.py:1811]: Valid: Val Loss 0.3710, Val Acc (85.67, 85.67), Time 78.74
2025-02-21 05:44:22,739: INFO: [train.py:1813]: 
2025-02-21 05:44:22,739: INFO: [train.py:1566]: Epoch 121, Learning Rate 1.79701e-08
2025-02-21 05:46:19,485: INFO: [train.py:1731]: Train: , Time 116.74
2025-02-21 05:46:19,485: INFO: [train.py:1732]: Train completed. Final metrics: 
2025-02-21 05:47:38,901: INFO: [train.py:1811]: Valid: Val Loss 0.4279, Val Acc (82.65, 82.65), Time 79.42
2025-02-21 05:47:38,901: INFO: [train.py:1813]: 
2025-02-21 05:47:40,695: INFO: [train.py:1566]: Epoch 122, Learning Rate 1.79701e-08
2025-02-21 05:49:37,259: INFO: [train.py:1731]: Train: , Time 116.56
2025-02-21 05:49:37,259: INFO: [train.py:1732]: Train completed. Final metrics: 
2025-02-21 05:50:57,012: INFO: [train.py:1811]: Valid: Val Loss 0.3680, Val Acc (85.81, 85.81), Time 79.75
2025-02-21 05:50:57,012: INFO: [train.py:1813]: 
2025-02-21 05:50:57,012: INFO: [train.py:1566]: Epoch 123, Learning Rate 1.61731e-08
2025-02-21 05:52:53,242: INFO: [train.py:1731]: Train: , Time 116.23
2025-02-21 05:52:53,242: INFO: [train.py:1732]: Train completed. Final metrics: 
2025-02-21 05:54:13,138: INFO: [train.py:1811]: Valid: Val Loss 0.2820, Val Acc (90.15, 90.15), Time 79.90
2025-02-21 05:54:13,138: INFO: [train.py:1813]: 
2025-02-21 05:54:13,139: INFO: [train.py:1566]: Epoch 124, Learning Rate 1.61731e-08
2025-02-21 05:56:09,804: INFO: [train.py:1731]: Train: , Time 116.66
2025-02-21 05:56:09,804: INFO: [train.py:1732]: Train completed. Final metrics: 
2025-02-21 05:57:28,714: INFO: [train.py:1811]: Valid: Val Loss 0.4545, Val Acc (81.38, 81.38), Time 78.91
2025-02-21 05:57:28,714: INFO: [train.py:1813]: 
2025-02-21 05:57:28,715: INFO: [train.py:1566]: Epoch 125, Learning Rate 1.45558e-08
2025-02-21 05:59:25,703: INFO: [train.py:1731]: Train: , Time 116.99
2025-02-21 05:59:25,703: INFO: [train.py:1732]: Train completed. Final metrics: 
2025-02-21 06:00:45,084: INFO: [train.py:1811]: Valid: Val Loss 0.4667, Val Acc (80.61, 80.61), Time 79.38
2025-02-21 06:00:45,084: INFO: [train.py:1813]: 
2025-02-21 06:00:45,085: INFO: [train.py:1566]: Epoch 126, Learning Rate 1.45558e-08
2025-02-21 06:02:42,572: INFO: [train.py:1731]: Train: , Time 117.49
2025-02-21 06:02:42,572: INFO: [train.py:1732]: Train completed. Final metrics: 
2025-02-21 06:04:03,194: INFO: [train.py:1811]: Valid: Val Loss 0.3600, Val Acc (86.27, 86.27), Time 80.62
2025-02-21 06:04:03,194: INFO: [train.py:1813]: 
2025-02-21 06:04:05,213: INFO: [train.py:1566]: Epoch 127, Learning Rate 1.31002e-08
2025-02-21 06:06:02,089: INFO: [train.py:1731]: Train: , Time 116.87
2025-02-21 06:06:02,089: INFO: [train.py:1732]: Train completed. Final metrics: 
2025-02-21 06:07:22,610: INFO: [train.py:1811]: Valid: Val Loss 0.4049, Val Acc (83.95, 83.95), Time 80.52
2025-02-21 06:07:22,610: INFO: [train.py:1813]: 
2025-02-21 06:07:22,611: INFO: [train.py:1566]: Epoch 128, Learning Rate 1.31002e-08
2025-02-21 06:09:19,497: INFO: [train.py:1731]: Train: , Time 116.89
2025-02-21 06:09:19,497: INFO: [train.py:1732]: Train completed. Final metrics: 
2025-02-21 06:10:38,816: INFO: [train.py:1811]: Valid: Val Loss 0.3269, Val Acc (88.29, 88.29), Time 79.32
2025-02-21 06:10:38,816: INFO: [train.py:1813]: 
2025-02-21 06:10:38,817: INFO: [train.py:1566]: Epoch 129, Learning Rate 1.17902e-08
2025-02-21 06:12:36,066: INFO: [train.py:1731]: Train: , Time 117.25
2025-02-21 06:12:36,066: INFO: [train.py:1732]: Train completed. Final metrics: 
2025-02-21 06:13:54,909: INFO: [train.py:1811]: Valid: Val Loss 0.4652, Val Acc (80.96, 80.96), Time 78.84
2025-02-21 06:13:54,909: INFO: [train.py:1813]: 
2025-02-21 06:13:54,910: INFO: [train.py:1566]: Epoch 130, Learning Rate 1.17902e-08
2025-02-21 06:15:51,960: INFO: [train.py:1731]: Train: , Time 117.05
2025-02-21 06:15:51,961: INFO: [train.py:1732]: Train completed. Final metrics: 
2025-02-21 06:17:11,933: INFO: [train.py:1811]: Valid: Val Loss 0.4361, Val Acc (82.41, 82.41), Time 79.97
2025-02-21 06:17:11,933: INFO: [train.py:1813]: 
2025-02-21 06:17:11,934: INFO: [train.py:1566]: Epoch 131, Learning Rate 1.06112e-08
2025-02-21 06:19:08,794: INFO: [train.py:1731]: Train: , Time 116.86
2025-02-21 06:19:08,794: INFO: [train.py:1732]: Train completed. Final metrics: 
2025-02-21 06:20:29,726: INFO: [train.py:1811]: Valid: Val Loss 0.3118, Val Acc (88.69, 88.69), Time 80.93
2025-02-21 06:20:29,726: INFO: [train.py:1813]: 
2025-02-21 06:20:31,928: INFO: [train.py:1566]: Epoch 132, Learning Rate 1.06112e-08
2025-02-21 06:22:29,389: INFO: [train.py:1731]: Train: , Time 117.46
2025-02-21 06:22:29,390: INFO: [train.py:1732]: Train completed. Final metrics: 
2025-02-21 06:23:48,316: INFO: [train.py:1811]: Valid: Val Loss 0.4154, Val Acc (83.57, 83.57), Time 78.93
2025-02-21 06:23:48,316: INFO: [train.py:1813]: 
2025-02-21 06:23:48,317: INFO: [train.py:1566]: Epoch 133, Learning Rate 9.55005e-09
2025-02-21 06:25:45,484: INFO: [train.py:1731]: Train: , Time 117.17
2025-02-21 06:25:45,484: INFO: [train.py:1732]: Train completed. Final metrics: 
2025-02-21 06:27:05,884: INFO: [train.py:1811]: Valid: Val Loss 0.3414, Val Acc (87.21, 87.21), Time 80.40
2025-02-21 06:27:05,885: INFO: [train.py:1813]: 
2025-02-21 06:27:05,885: INFO: [train.py:1566]: Epoch 134, Learning Rate 9.55005e-09
2025-02-21 06:29:02,722: INFO: [train.py:1731]: Train: , Time 116.84
2025-02-21 06:29:02,723: INFO: [train.py:1732]: Train completed. Final metrics: 
2025-02-21 06:30:22,615: INFO: [train.py:1811]: Valid: Val Loss 0.4473, Val Acc (81.45, 81.45), Time 79.89
2025-02-21 06:30:22,615: INFO: [train.py:1813]: 
2025-02-21 06:30:22,616: INFO: [train.py:1566]: Epoch 135, Learning Rate 8.59504e-09
2025-02-21 06:32:19,901: INFO: [train.py:1731]: Train: , Time 117.28
2025-02-21 06:32:19,901: INFO: [train.py:1732]: Train completed. Final metrics: 
2025-02-21 06:33:40,994: INFO: [train.py:1811]: Valid: Val Loss 0.3388, Val Acc (87.15, 87.15), Time 81.09
2025-02-21 06:33:40,995: INFO: [train.py:1813]: 
2025-02-21 06:33:40,995: INFO: [train.py:1566]: Epoch 136, Learning Rate 8.59504e-09
2025-02-21 06:35:37,936: INFO: [train.py:1731]: Train: , Time 116.94
2025-02-21 06:35:37,936: INFO: [train.py:1732]: Train completed. Final metrics: 
2025-02-21 06:36:57,444: INFO: [train.py:1811]: Valid: Val Loss 0.5529, Val Acc (75.91, 75.91), Time 79.51
2025-02-21 06:36:57,444: INFO: [train.py:1813]: 
2025-02-21 06:36:59,234: INFO: [train.py:1566]: Epoch 137, Learning Rate 7.73554e-09
2025-02-21 06:38:56,243: INFO: [train.py:1731]: Train: , Time 117.01
2025-02-21 06:38:56,243: INFO: [train.py:1732]: Train completed. Final metrics: 
2025-02-21 06:40:15,332: INFO: [train.py:1811]: Valid: Val Loss 0.4602, Val Acc (81.05, 81.05), Time 79.09
2025-02-21 06:40:15,332: INFO: [train.py:1813]: 
2025-02-21 06:40:15,333: INFO: [train.py:1566]: Epoch 138, Learning Rate 7.73554e-09
2025-02-21 06:42:11,962: INFO: [train.py:1731]: Train: , Time 116.63
2025-02-21 06:42:11,962: INFO: [train.py:1732]: Train completed. Final metrics: 
2025-02-21 06:43:31,639: INFO: [train.py:1811]: Valid: Val Loss 0.3417, Val Acc (87.67, 87.67), Time 79.68
2025-02-21 06:43:31,639: INFO: [train.py:1813]: 
2025-02-21 06:43:31,640: INFO: [train.py:1566]: Epoch 139, Learning Rate 6.96199e-09
2025-02-21 06:45:28,910: INFO: [train.py:1731]: Train: , Time 117.27
2025-02-21 06:45:28,910: INFO: [train.py:1732]: Train completed. Final metrics: 
2025-02-21 06:46:48,583: INFO: [train.py:1811]: Valid: Val Loss 0.3673, Val Acc (86.00, 86.00), Time 79.67
2025-02-21 06:46:48,583: INFO: [train.py:1813]: 
2025-02-21 06:46:48,584: INFO: [train.py:1566]: Epoch 140, Learning Rate 6.96199e-09
2025-02-21 06:48:45,572: INFO: [train.py:1731]: Train: , Time 116.99
2025-02-21 06:48:45,572: INFO: [train.py:1732]: Train completed. Final metrics: 
2025-02-21 06:50:04,373: INFO: [train.py:1811]: Valid: Val Loss 0.3622, Val Acc (85.79, 85.79), Time 78.80
2025-02-21 06:50:04,374: INFO: [train.py:1813]: 
2025-02-21 06:50:04,374: INFO: [train.py:1566]: Epoch 141, Learning Rate 6.26579e-09
2025-02-21 06:52:01,301: INFO: [train.py:1731]: Train: , Time 116.93
2025-02-21 06:52:01,302: INFO: [train.py:1732]: Train completed. Final metrics: 
2025-02-21 06:53:20,482: INFO: [train.py:1811]: Valid: Val Loss 0.3662, Val Acc (85.85, 85.85), Time 79.18
2025-02-21 06:53:20,482: INFO: [train.py:1813]: 
2025-02-21 06:53:22,467: INFO: [train.py:1566]: Epoch 142, Learning Rate 6.26579e-09
2025-02-21 06:55:19,585: INFO: [train.py:1731]: Train: , Time 117.12
2025-02-21 06:55:19,585: INFO: [train.py:1732]: Train completed. Final metrics: 
2025-02-21 06:56:38,926: INFO: [train.py:1811]: Valid: Val Loss 0.3001, Val Acc (89.34, 89.34), Time 79.34
2025-02-21 06:56:38,926: INFO: [train.py:1813]: 
2025-02-21 06:56:38,927: INFO: [train.py:1566]: Epoch 143, Learning Rate 5.63921e-09
2025-02-21 06:58:35,739: INFO: [train.py:1731]: Train: , Time 116.81
2025-02-21 06:58:35,740: INFO: [train.py:1732]: Train completed. Final metrics: 
2025-02-21 06:59:54,171: INFO: [train.py:1811]: Valid: Val Loss 0.5658, Val Acc (74.66, 74.66), Time 78.43
2025-02-21 06:59:54,171: INFO: [train.py:1813]: 
2025-02-21 06:59:54,171: INFO: [train.py:1566]: Epoch 144, Learning Rate 5.63921e-09
2025-02-21 07:01:50,889: INFO: [train.py:1731]: Train: , Time 116.72
2025-02-21 07:01:50,889: INFO: [train.py:1732]: Train completed. Final metrics: 
2025-02-21 07:03:11,492: INFO: [train.py:1811]: Valid: Val Loss 0.4796, Val Acc (79.98, 79.98), Time 80.60
2025-02-21 07:03:11,492: INFO: [train.py:1813]: 
2025-02-21 07:03:11,493: INFO: [train.py:1566]: Epoch 145, Learning Rate 5.07529e-09
2025-02-21 07:05:08,773: INFO: [train.py:1731]: Train: , Time 117.28
2025-02-21 07:05:08,773: INFO: [train.py:1732]: Train completed. Final metrics: 
2025-02-21 07:06:28,449: INFO: [train.py:1811]: Valid: Val Loss 0.3194, Val Acc (88.84, 88.84), Time 79.67
2025-02-21 07:06:28,449: INFO: [train.py:1813]: 
2025-02-21 07:06:28,450: INFO: [train.py:1566]: Epoch 146, Learning Rate 5.07529e-09
2025-02-21 07:08:25,233: INFO: [train.py:1731]: Train: , Time 116.78
2025-02-21 07:08:25,233: INFO: [train.py:1732]: Train completed. Final metrics: 
2025-02-21 07:09:44,569: INFO: [train.py:1811]: Valid: Val Loss 0.3742, Val Acc (85.17, 85.17), Time 79.33
2025-02-21 07:09:44,569: INFO: [train.py:1813]: 
2025-02-21 07:09:46,473: INFO: [train.py:1566]: Epoch 147, Learning Rate 4.56776e-09
2025-02-21 07:11:43,280: INFO: [train.py:1731]: Train: , Time 116.81
2025-02-21 07:11:43,280: INFO: [train.py:1732]: Train completed. Final metrics: 
2025-02-21 07:13:02,355: INFO: [train.py:1811]: Valid: Val Loss 0.3523, Val Acc (86.74, 86.74), Time 79.07
2025-02-21 07:13:02,356: INFO: [train.py:1813]: 
2025-02-21 07:13:02,356: INFO: [train.py:1566]: Epoch 148, Learning Rate 4.56776e-09
2025-02-21 07:14:59,033: INFO: [train.py:1731]: Train: , Time 116.68
2025-02-21 07:14:59,033: INFO: [train.py:1732]: Train completed. Final metrics: 
2025-02-21 07:16:17,188: INFO: [train.py:1811]: Valid: Val Loss 0.3436, Val Acc (87.01, 87.01), Time 78.15
2025-02-21 07:16:17,189: INFO: [train.py:1813]: 
2025-02-21 07:16:17,189: INFO: [train.py:1566]: Epoch 149, Learning Rate 4.11098e-09
2025-02-21 07:18:14,104: INFO: [train.py:1731]: Train: , Time 116.91
2025-02-21 07:18:14,104: INFO: [train.py:1732]: Train completed. Final metrics: 
2025-02-21 07:19:34,814: INFO: [train.py:1811]: Valid: Val Loss 0.3580, Val Acc (86.36, 86.36), Time 80.71
2025-02-21 07:19:34,814: INFO: [train.py:1813]: 
2025-02-21 07:19:34,814: INFO: [train.py:1566]: Epoch 150, Learning Rate 4.11098e-09
2025-02-21 07:21:31,677: INFO: [train.py:1731]: Train: , Time 116.86
2025-02-21 07:21:31,677: INFO: [train.py:1732]: Train completed. Final metrics: 
2025-02-21 07:22:51,397: INFO: [train.py:1811]: Valid: Val Loss 0.3333, Val Acc (87.50, 87.50), Time 79.72
2025-02-21 07:22:51,397: INFO: [train.py:1813]: 
2025-02-21 07:22:51,398: INFO: [train.py:1566]: Epoch 151, Learning Rate 3.69988e-09
2025-02-21 07:24:48,910: INFO: [train.py:1731]: Train: , Time 117.51
2025-02-21 07:24:48,910: INFO: [train.py:1732]: Train completed. Final metrics: 
2025-02-21 07:26:07,906: INFO: [train.py:1811]: Valid: Val Loss 0.3558, Val Acc (86.23, 86.23), Time 78.99
2025-02-21 07:26:07,906: INFO: [train.py:1813]: 
2025-02-21 07:26:10,028: INFO: [train.py:1566]: Epoch 152, Learning Rate 3.69988e-09
2025-02-21 07:28:08,106: INFO: [train.py:1731]: Train: , Time 118.07
2025-02-21 07:28:08,106: INFO: [train.py:1732]: Train completed. Final metrics: 
2025-02-21 07:29:28,207: INFO: [train.py:1811]: Valid: Val Loss 0.4045, Val Acc (84.18, 84.18), Time 80.10
2025-02-21 07:29:28,207: INFO: [train.py:1813]: 
2025-02-21 07:29:28,208: INFO: [train.py:1566]: Epoch 153, Learning Rate 3.3299e-09
2025-02-21 07:31:25,149: INFO: [train.py:1731]: Train: , Time 116.94
2025-02-21 07:31:25,150: INFO: [train.py:1732]: Train completed. Final metrics: 
2025-02-21 07:32:45,056: INFO: [train.py:1811]: Valid: Val Loss 0.4342, Val Acc (82.58, 82.58), Time 79.91
2025-02-21 07:32:45,056: INFO: [train.py:1813]: 
2025-02-21 07:32:45,057: INFO: [train.py:1566]: Epoch 154, Learning Rate 3.3299e-09
2025-02-21 07:34:42,370: INFO: [train.py:1731]: Train: , Time 117.31
2025-02-21 07:34:42,370: INFO: [train.py:1732]: Train completed. Final metrics: 
2025-02-21 07:36:01,807: INFO: [train.py:1811]: Valid: Val Loss 0.3387, Val Acc (87.21, 87.21), Time 79.44
2025-02-21 07:36:01,807: INFO: [train.py:1813]: 
2025-02-21 07:36:01,808: INFO: [train.py:1566]: Epoch 155, Learning Rate 2.99691e-09
2025-02-21 07:37:58,958: INFO: [train.py:1731]: Train: , Time 117.15
2025-02-21 07:37:58,958: INFO: [train.py:1732]: Train completed. Final metrics: 
2025-02-21 07:39:18,769: INFO: [train.py:1811]: Valid: Val Loss 0.4225, Val Acc (83.04, 83.04), Time 79.81
2025-02-21 07:39:18,769: INFO: [train.py:1813]: 
2025-02-21 07:39:18,770: INFO: [train.py:1566]: Epoch 156, Learning Rate 2.99691e-09
2025-02-21 07:41:15,586: INFO: [train.py:1731]: Train: , Time 116.81
2025-02-21 07:41:15,586: INFO: [train.py:1732]: Train completed. Final metrics: 
2025-02-21 07:42:36,026: INFO: [train.py:1811]: Valid: Val Loss 0.3845, Val Acc (85.14, 85.14), Time 80.44
2025-02-21 07:42:36,026: INFO: [train.py:1813]: 
2025-02-21 07:42:37,790: INFO: [train.py:1566]: Epoch 157, Learning Rate 2.69722e-09
2025-02-21 07:44:34,736: INFO: [train.py:1731]: Train: , Time 116.94
2025-02-21 07:44:34,736: INFO: [train.py:1732]: Train completed. Final metrics: 
2025-02-21 07:45:53,215: INFO: [train.py:1811]: Valid: Val Loss 0.2229, Val Acc (92.84, 92.84), Time 78.48
2025-02-21 07:45:53,215: INFO: [train.py:1813]: 
2025-02-21 07:45:53,216: INFO: [train.py:1566]: Epoch 158, Learning Rate 2.69722e-09
2025-02-21 07:47:50,101: INFO: [train.py:1731]: Train: , Time 116.88
2025-02-21 07:47:50,101: INFO: [train.py:1732]: Train completed. Final metrics: 
2025-02-21 07:49:10,028: INFO: [train.py:1811]: Valid: Val Loss 0.3587, Val Acc (86.43, 86.43), Time 79.93
2025-02-21 07:49:10,029: INFO: [train.py:1813]: 
2025-02-21 07:49:10,029: INFO: [train.py:1566]: Epoch 159, Learning Rate 2.42749e-09
2025-02-21 07:51:07,244: INFO: [train.py:1731]: Train: , Time 117.21
2025-02-21 07:51:07,244: INFO: [train.py:1732]: Train completed. Final metrics: 
2025-02-21 07:52:27,317: INFO: [train.py:1811]: Valid: Val Loss 0.4918, Val Acc (79.72, 79.72), Time 80.07
2025-02-21 07:52:27,318: INFO: [train.py:1813]: 
2025-02-21 07:52:27,318: INFO: [train.py:1566]: Epoch 160, Learning Rate 2.42749e-09
2025-02-21 07:54:24,043: INFO: [train.py:1731]: Train: , Time 116.72
2025-02-21 07:54:24,043: INFO: [train.py:1732]: Train completed. Final metrics: 
2025-02-21 07:55:43,551: INFO: [train.py:1811]: Valid: Val Loss 0.4791, Val Acc (80.24, 80.24), Time 79.51
2025-02-21 07:55:43,551: INFO: [train.py:1813]: 
