2025-03-06 10:34:19,696: INFO: [resnet.py:183]: ResNet: All params loaded
2025-03-06 10:34:19,727: INFO: [wsdan.py:97]: WSDAN: using resnet50 as feature extractor, num_classes: 2, num_attentions: 32
2025-03-06 10:34:19,867: INFO: [train.py:1525]: Network weights save to ./FGVC/CUB-200-2011/ckpt - VV3 - storage/4/
2025-03-06 10:34:19,907: INFO: [train.py:1558]: Start training: Total epochs: 160, Batch size: 16, Training size: 3584, Validation size: 2001
2025-03-06 10:34:19,907: INFO: [train.py:1560]: 
2025-03-06 10:34:19,907: INFO: [train.py:1568]: Epoch 001, Learning Rate 0.001
2025-03-06 11:35:58,778: INFO: [train.py:1733]: Train: , Time 3698.87
2025-03-06 11:35:58,778: INFO: [train.py:1734]: Train completed. Final metrics: 
2025-03-06 11:37:54,805: INFO: [train.py:1813]: Valid: Val Loss 0.1693, Val Acc (98.30, 98.30), Time 116.03
2025-03-06 11:37:54,805: INFO: [train.py:1815]: 
2025-03-06 11:37:58,234: INFO: [train.py:1568]: Epoch 002, Learning Rate 0.001
2025-03-06 12:24:05,450: INFO: [train.py:1733]: Train: , Time 2767.21
2025-03-06 12:24:05,450: INFO: [train.py:1734]: Train completed. Final metrics: 
2025-03-06 12:25:06,554: INFO: [train.py:1813]: Valid: Val Loss 0.3202, Val Acc (98.30, 98.30), Time 61.10
2025-03-06 12:25:06,555: INFO: [train.py:1815]: 
2025-03-06 12:25:08,470: INFO: [train.py:1568]: Epoch 003, Learning Rate 0.0009
2025-03-06 13:11:39,521: INFO: [train.py:1733]: Train: , Time 2791.05
2025-03-06 13:11:39,521: INFO: [train.py:1734]: Train completed. Final metrics: 
2025-03-06 13:17:16,871: INFO: [train.py:1813]: Valid: Val Loss 2.5512, Val Acc (27.94, 27.94), Time 337.35
2025-03-06 13:17:16,871: INFO: [train.py:1815]: 
2025-03-06 13:17:18,438: INFO: [train.py:1568]: Epoch 004, Learning Rate 0.0009
2025-03-06 14:05:46,921: INFO: [train.py:1733]: Train: , Time 2908.48
2025-03-06 14:05:46,922: INFO: [train.py:1734]: Train completed. Final metrics: 
2025-03-06 14:10:41,590: INFO: [train.py:1813]: Valid: Val Loss 0.2495, Val Acc (96.45, 96.45), Time 294.67
2025-03-06 14:10:41,590: INFO: [train.py:1815]: 
2025-03-06 14:10:43,170: INFO: [train.py:1568]: Epoch 005, Learning Rate 0.00081
2025-03-06 14:59:10,771: INFO: [train.py:1733]: Train: , Time 2907.60
2025-03-06 14:59:10,771: INFO: [train.py:1734]: Train completed. Final metrics: 
2025-03-06 15:04:50,839: INFO: [train.py:1813]: Valid: Val Loss 0.7876, Val Acc (98.30, 98.30), Time 340.07
2025-03-06 15:04:50,839: INFO: [train.py:1815]: 
2025-03-06 15:04:52,434: INFO: [train.py:1568]: Epoch 006, Learning Rate 0.00081
2025-03-06 15:55:22,474: INFO: [train.py:1733]: Train: , Time 3030.04
2025-03-06 15:55:22,474: INFO: [train.py:1734]: Train completed. Final metrics: 
2025-03-06 16:00:19,749: INFO: [train.py:1813]: Valid: Val Loss 0.2965, Val Acc (97.65, 97.65), Time 297.27
2025-03-06 16:00:19,749: INFO: [train.py:1815]: 
2025-03-06 16:00:21,561: INFO: [train.py:1568]: Epoch 007, Learning Rate 0.000729
2025-03-06 16:48:25,772: INFO: [train.py:1733]: Train: , Time 2884.21
2025-03-06 16:48:25,773: INFO: [train.py:1734]: Train completed. Final metrics: 
2025-03-06 16:53:23,051: INFO: [train.py:1813]: Valid: Val Loss 0.3779, Val Acc (98.20, 98.20), Time 297.28
2025-03-06 16:53:23,051: INFO: [train.py:1815]: 
2025-03-06 16:53:25,197: INFO: [train.py:1568]: Epoch 008, Learning Rate 0.000729
2025-03-06 17:44:13,223: INFO: [train.py:1733]: Train: , Time 3048.02
2025-03-06 17:44:13,223: INFO: [train.py:1734]: Train completed. Final metrics: 
2025-03-06 17:49:22,719: INFO: [train.py:1813]: Valid: Val Loss 0.5497, Val Acc (98.30, 98.30), Time 309.49
2025-03-06 17:49:22,719: INFO: [train.py:1815]: 
2025-03-06 17:49:24,642: INFO: [train.py:1568]: Epoch 009, Learning Rate 0.0006561
2025-03-06 18:39:05,254: INFO: [train.py:1733]: Train: , Time 2980.61
2025-03-06 18:39:05,254: INFO: [train.py:1734]: Train completed. Final metrics: 
2025-03-06 18:44:12,669: INFO: [train.py:1813]: Valid: Val Loss 0.2511, Val Acc (98.35, 98.35), Time 307.41
2025-03-06 18:44:12,669: INFO: [train.py:1815]: 
2025-03-06 18:44:15,701: INFO: [train.py:1568]: Epoch 010, Learning Rate 0.0006561
2025-03-06 19:33:56,650: INFO: [train.py:1733]: Train: , Time 2980.95
2025-03-06 19:33:56,650: INFO: [train.py:1734]: Train completed. Final metrics: 
2025-03-06 19:39:03,028: INFO: [train.py:1813]: Valid: Val Loss 0.2715, Val Acc (98.20, 98.20), Time 306.38
2025-03-06 19:39:03,028: INFO: [train.py:1815]: 
2025-03-06 19:39:05,402: INFO: [train.py:1568]: Epoch 011, Learning Rate 0.00059049
2025-03-06 20:28:49,919: INFO: [train.py:1733]: Train: , Time 2984.51
2025-03-06 20:28:49,919: INFO: [train.py:1734]: Train completed. Final metrics: 
2025-03-06 20:33:53,492: INFO: [train.py:1813]: Valid: Val Loss 0.4425, Val Acc (98.20, 98.20), Time 303.57
2025-03-06 20:33:53,492: INFO: [train.py:1815]: 
2025-03-06 20:33:55,761: INFO: [train.py:1568]: Epoch 012, Learning Rate 0.00059049
2025-03-06 21:21:53,281: INFO: [train.py:1733]: Train: , Time 2877.52
2025-03-06 21:21:53,281: INFO: [train.py:1734]: Train completed. Final metrics: 
2025-03-06 21:26:47,097: INFO: [train.py:1813]: Valid: Val Loss 0.2188, Val Acc (97.40, 97.40), Time 293.82
2025-03-06 21:26:47,097: INFO: [train.py:1815]: 
2025-03-06 21:26:49,280: INFO: [train.py:1568]: Epoch 013, Learning Rate 0.000531441
2025-03-06 22:14:45,149: INFO: [train.py:1733]: Train: , Time 2875.87
2025-03-06 22:14:45,149: INFO: [train.py:1734]: Train completed. Final metrics: 
2025-03-06 22:19:39,542: INFO: [train.py:1813]: Valid: Val Loss 0.2357, Val Acc (98.20, 98.20), Time 294.39
2025-03-06 22:19:39,542: INFO: [train.py:1815]: 
2025-03-06 22:19:41,172: INFO: [train.py:1568]: Epoch 014, Learning Rate 0.000531441
2025-03-06 23:07:36,789: INFO: [train.py:1733]: Train: , Time 2875.61
2025-03-06 23:07:36,789: INFO: [train.py:1734]: Train completed. Final metrics: 
2025-03-06 23:12:31,174: INFO: [train.py:1813]: Valid: Val Loss 0.2936, Val Acc (98.35, 98.35), Time 294.38
2025-03-06 23:12:31,174: INFO: [train.py:1815]: 
2025-03-06 23:12:32,729: INFO: [train.py:1568]: Epoch 015, Learning Rate 0.000478297
2025-03-07 00:00:28,093: INFO: [train.py:1733]: Train: , Time 2875.36
2025-03-07 00:00:28,093: INFO: [train.py:1734]: Train completed. Final metrics: 
2025-03-07 00:05:23,149: INFO: [train.py:1813]: Valid: Val Loss 0.1953, Val Acc (97.35, 97.35), Time 295.06
2025-03-07 00:05:23,149: INFO: [train.py:1815]: 
2025-03-07 00:05:25,396: INFO: [train.py:1568]: Epoch 016, Learning Rate 0.000478297
2025-03-07 00:53:20,947: INFO: [train.py:1733]: Train: , Time 2875.55
2025-03-07 00:53:20,947: INFO: [train.py:1734]: Train completed. Final metrics: 
2025-03-07 00:58:15,132: INFO: [train.py:1813]: Valid: Val Loss 0.2274, Val Acc (98.20, 98.20), Time 294.18
2025-03-07 00:58:15,132: INFO: [train.py:1815]: 
2025-03-07 00:58:16,816: INFO: [train.py:1568]: Epoch 017, Learning Rate 0.000430467
2025-03-07 01:46:11,856: INFO: [train.py:1733]: Train: , Time 2875.04
2025-03-07 01:46:11,856: INFO: [train.py:1734]: Train completed. Final metrics: 
2025-03-07 01:51:05,928: INFO: [train.py:1813]: Valid: Val Loss 0.2445, Val Acc (97.90, 97.90), Time 294.07
2025-03-07 01:51:05,928: INFO: [train.py:1815]: 
2025-03-07 01:51:08,340: INFO: [train.py:1568]: Epoch 018, Learning Rate 0.000430467
2025-03-07 02:39:05,138: INFO: [train.py:1733]: Train: , Time 2876.80
2025-03-07 02:39:05,138: INFO: [train.py:1734]: Train completed. Final metrics: 
2025-03-07 02:43:59,465: INFO: [train.py:1813]: Valid: Val Loss 0.1939, Val Acc (97.65, 97.65), Time 294.33
2025-03-07 02:43:59,465: INFO: [train.py:1815]: 
2025-03-07 02:44:01,611: INFO: [train.py:1568]: Epoch 019, Learning Rate 0.00038742
2025-03-07 03:32:00,703: INFO: [train.py:1733]: Train: , Time 2879.09
2025-03-07 03:32:00,703: INFO: [train.py:1734]: Train completed. Final metrics: 
2025-03-07 03:36:54,468: INFO: [train.py:1813]: Valid: Val Loss 0.2771, Val Acc (98.35, 98.35), Time 293.76
2025-03-07 03:36:54,468: INFO: [train.py:1815]: 
2025-03-07 03:36:56,732: INFO: [train.py:1568]: Epoch 020, Learning Rate 0.00038742
2025-03-07 04:24:57,290: INFO: [train.py:1733]: Train: , Time 2880.56
2025-03-07 04:24:57,290: INFO: [train.py:1734]: Train completed. Final metrics: 
2025-03-07 04:29:52,523: INFO: [train.py:1813]: Valid: Val Loss 0.2106, Val Acc (98.05, 98.05), Time 295.23
2025-03-07 04:29:52,523: INFO: [train.py:1815]: 
2025-03-07 04:29:54,934: INFO: [train.py:1568]: Epoch 021, Learning Rate 0.000348678
2025-03-07 05:17:53,303: INFO: [train.py:1733]: Train: , Time 2878.37
2025-03-07 05:17:53,303: INFO: [train.py:1734]: Train completed. Final metrics: 
2025-03-07 05:22:47,617: INFO: [train.py:1813]: Valid: Val Loss 0.2206, Val Acc (98.00, 98.00), Time 294.31
2025-03-07 05:22:47,617: INFO: [train.py:1815]: 
2025-03-07 05:22:50,107: INFO: [train.py:1568]: Epoch 022, Learning Rate 0.000348678
2025-03-07 06:10:50,086: INFO: [train.py:1733]: Train: , Time 2879.98
2025-03-07 06:10:50,086: INFO: [train.py:1734]: Train completed. Final metrics: 
2025-03-07 06:15:44,924: INFO: [train.py:1813]: Valid: Val Loss 0.2508, Val Acc (98.35, 98.35), Time 294.84
2025-03-07 06:15:44,924: INFO: [train.py:1815]: 
2025-03-07 06:15:46,799: INFO: [train.py:1568]: Epoch 023, Learning Rate 0.000313811
2025-03-07 07:03:46,667: INFO: [train.py:1733]: Train: , Time 2879.86
2025-03-07 07:03:46,667: INFO: [train.py:1734]: Train completed. Final metrics: 
2025-03-07 07:08:41,825: INFO: [train.py:1813]: Valid: Val Loss 0.2338, Val Acc (98.20, 98.20), Time 295.16
2025-03-07 07:08:41,825: INFO: [train.py:1815]: 
2025-03-07 07:08:44,014: INFO: [train.py:1568]: Epoch 024, Learning Rate 0.000313811
2025-03-07 07:56:42,677: INFO: [train.py:1733]: Train: , Time 2878.66
2025-03-07 07:56:42,677: INFO: [train.py:1734]: Train completed. Final metrics: 
2025-03-07 08:01:38,237: INFO: [train.py:1813]: Valid: Val Loss 0.2746, Val Acc (98.20, 98.20), Time 295.56
2025-03-07 08:01:38,237: INFO: [train.py:1815]: 
2025-03-07 08:01:41,457: INFO: [train.py:1568]: Epoch 025, Learning Rate 0.00028243
2025-03-07 08:49:43,418: INFO: [train.py:1733]: Train: , Time 2881.96
2025-03-07 08:49:43,418: INFO: [train.py:1734]: Train completed. Final metrics: 
2025-03-07 08:54:37,982: INFO: [train.py:1813]: Valid: Val Loss 0.2274, Val Acc (98.20, 98.20), Time 294.56
2025-03-07 08:54:37,982: INFO: [train.py:1815]: 
2025-03-07 08:54:40,047: INFO: [train.py:1568]: Epoch 026, Learning Rate 0.00028243
2025-03-07 09:42:40,420: INFO: [train.py:1733]: Train: , Time 2880.37
2025-03-07 09:42:40,420: INFO: [train.py:1734]: Train completed. Final metrics: 
2025-03-07 09:47:35,407: INFO: [train.py:1813]: Valid: Val Loss 0.2315, Val Acc (97.55, 97.55), Time 294.99
2025-03-07 09:47:35,407: INFO: [train.py:1815]: 
2025-03-07 09:47:37,169: INFO: [train.py:1568]: Epoch 027, Learning Rate 0.000254187
2025-03-07 10:35:36,058: INFO: [train.py:1733]: Train: , Time 2878.89
2025-03-07 10:35:36,058: INFO: [train.py:1734]: Train completed. Final metrics: 
2025-03-07 10:40:30,481: INFO: [train.py:1813]: Valid: Val Loss 0.2314, Val Acc (98.05, 98.05), Time 294.42
2025-03-07 10:40:30,482: INFO: [train.py:1815]: 
2025-03-07 10:40:32,658: INFO: [train.py:1568]: Epoch 028, Learning Rate 0.000254187
2025-03-07 11:28:31,489: INFO: [train.py:1733]: Train: , Time 2878.83
2025-03-07 11:28:31,489: INFO: [train.py:1734]: Train completed. Final metrics: 
2025-03-07 11:33:25,660: INFO: [train.py:1813]: Valid: Val Loss 0.2065, Val Acc (97.70, 97.70), Time 294.17
2025-03-07 11:33:25,661: INFO: [train.py:1815]: 
2025-03-07 11:33:27,665: INFO: [train.py:1568]: Epoch 029, Learning Rate 0.000228768
2025-03-07 12:21:26,084: INFO: [train.py:1733]: Train: , Time 2878.42
2025-03-07 12:21:26,084: INFO: [train.py:1734]: Train completed. Final metrics: 
2025-03-07 12:26:21,221: INFO: [train.py:1813]: Valid: Val Loss 0.2584, Val Acc (98.30, 98.30), Time 295.14
2025-03-07 12:26:21,221: INFO: [train.py:1815]: 
2025-03-07 12:26:23,038: INFO: [train.py:1568]: Epoch 030, Learning Rate 0.000228768
2025-03-07 13:14:26,087: INFO: [train.py:1733]: Train: , Time 2883.05
2025-03-07 13:14:26,087: INFO: [train.py:1734]: Train completed. Final metrics: 
2025-03-07 13:19:20,538: INFO: [train.py:1813]: Valid: Val Loss 0.2648, Val Acc (98.20, 98.20), Time 294.45
2025-03-07 13:19:20,538: INFO: [train.py:1815]: 
2025-03-07 13:19:22,515: INFO: [train.py:1568]: Epoch 031, Learning Rate 0.000205891
2025-03-07 14:07:20,378: INFO: [train.py:1733]: Train: , Time 2877.86
2025-03-07 14:07:20,378: INFO: [train.py:1734]: Train completed. Final metrics: 
2025-03-07 14:12:14,720: INFO: [train.py:1813]: Valid: Val Loss 0.2339, Val Acc (98.15, 98.15), Time 294.34
2025-03-07 14:12:14,720: INFO: [train.py:1815]: 
2025-03-07 14:12:16,353: INFO: [train.py:1568]: Epoch 032, Learning Rate 0.000205891
2025-03-07 15:00:29,043: INFO: [train.py:1733]: Train: , Time 2892.69
2025-03-07 15:00:29,044: INFO: [train.py:1734]: Train completed. Final metrics: 
2025-03-07 15:05:23,812: INFO: [train.py:1813]: Valid: Val Loss 0.2437, Val Acc (98.20, 98.20), Time 294.77
2025-03-07 15:05:23,812: INFO: [train.py:1815]: 
2025-03-07 15:05:25,776: INFO: [train.py:1568]: Epoch 033, Learning Rate 0.000185302
2025-03-07 15:53:39,978: INFO: [train.py:1733]: Train: , Time 2894.20
2025-03-07 15:53:39,979: INFO: [train.py:1734]: Train completed. Final metrics: 
2025-03-07 15:58:34,858: INFO: [train.py:1813]: Valid: Val Loss 0.2225, Val Acc (97.65, 97.65), Time 294.88
2025-03-07 15:58:34,858: INFO: [train.py:1815]: 
2025-03-07 15:58:36,685: INFO: [train.py:1568]: Epoch 034, Learning Rate 0.000185302
2025-03-07 16:47:32,509: INFO: [train.py:1733]: Train: , Time 2935.82
2025-03-07 16:47:32,510: INFO: [train.py:1734]: Train completed. Final metrics: 
2025-03-07 16:53:39,002: INFO: [train.py:1813]: Valid: Val Loss 0.2158, Val Acc (97.65, 97.65), Time 366.49
2025-03-07 16:53:39,002: INFO: [train.py:1815]: 
2025-03-07 16:53:40,622: INFO: [train.py:1568]: Epoch 035, Learning Rate 0.000166772
2025-03-07 17:43:45,502: INFO: [train.py:1733]: Train: , Time 3004.88
2025-03-07 17:43:45,502: INFO: [train.py:1734]: Train completed. Final metrics: 
2025-03-07 17:48:39,798: INFO: [train.py:1813]: Valid: Val Loss 0.2688, Val Acc (98.30, 98.30), Time 294.30
2025-03-07 17:48:39,798: INFO: [train.py:1815]: 
2025-03-07 17:48:42,272: INFO: [train.py:1568]: Epoch 036, Learning Rate 0.000166772
2025-03-07 18:36:56,411: INFO: [train.py:1733]: Train: , Time 2894.14
2025-03-07 18:36:56,412: INFO: [train.py:1734]: Train completed. Final metrics: 
2025-03-07 18:41:50,790: INFO: [train.py:1813]: Valid: Val Loss 0.2648, Val Acc (97.80, 97.80), Time 294.38
2025-03-07 18:41:50,790: INFO: [train.py:1815]: 
2025-03-07 18:41:53,147: INFO: [train.py:1568]: Epoch 037, Learning Rate 0.000150095
2025-03-07 19:30:13,514: INFO: [train.py:1733]: Train: , Time 2900.37
2025-03-07 19:30:13,514: INFO: [train.py:1734]: Train completed. Final metrics: 
2025-03-07 19:35:07,982: INFO: [train.py:1813]: Valid: Val Loss 0.2394, Val Acc (98.05, 98.05), Time 294.47
2025-03-07 19:35:07,982: INFO: [train.py:1815]: 
2025-03-07 19:35:10,324: INFO: [train.py:1568]: Epoch 038, Learning Rate 0.000150095
2025-03-07 20:23:26,698: INFO: [train.py:1733]: Train: , Time 2896.37
2025-03-07 20:23:26,699: INFO: [train.py:1734]: Train completed. Final metrics: 
2025-03-07 20:28:21,369: INFO: [train.py:1813]: Valid: Val Loss 0.2512, Val Acc (97.55, 97.55), Time 294.67
2025-03-07 20:28:21,369: INFO: [train.py:1815]: 
2025-03-07 20:28:23,576: INFO: [train.py:1568]: Epoch 039, Learning Rate 0.000135085
2025-03-07 21:16:39,876: INFO: [train.py:1733]: Train: , Time 2896.30
2025-03-07 21:16:39,876: INFO: [train.py:1734]: Train completed. Final metrics: 
2025-03-07 21:21:34,311: INFO: [train.py:1813]: Valid: Val Loss 0.2456, Val Acc (96.10, 96.10), Time 294.43
2025-03-07 21:21:34,311: INFO: [train.py:1815]: 
2025-03-07 21:21:36,385: INFO: [train.py:1568]: Epoch 040, Learning Rate 0.000135085
2025-03-07 22:09:52,878: INFO: [train.py:1733]: Train: , Time 2896.49
2025-03-07 22:09:52,878: INFO: [train.py:1734]: Train completed. Final metrics: 
2025-03-07 22:14:47,576: INFO: [train.py:1813]: Valid: Val Loss 0.2575, Val Acc (98.25, 98.25), Time 294.70
2025-03-07 22:14:47,577: INFO: [train.py:1815]: 
2025-03-07 22:14:49,169: INFO: [train.py:1568]: Epoch 041, Learning Rate 0.000121577
2025-03-07 23:03:05,519: INFO: [train.py:1733]: Train: , Time 2896.35
2025-03-07 23:03:05,519: INFO: [train.py:1734]: Train completed. Final metrics: 
2025-03-07 23:08:00,943: INFO: [train.py:1813]: Valid: Val Loss 0.2551, Val Acc (98.25, 98.25), Time 295.42
2025-03-07 23:08:00,943: INFO: [train.py:1815]: 
2025-03-07 23:08:02,734: INFO: [train.py:1568]: Epoch 042, Learning Rate 0.000121577
2025-03-07 23:56:18,747: INFO: [train.py:1733]: Train: , Time 2896.01
2025-03-07 23:56:18,747: INFO: [train.py:1734]: Train completed. Final metrics: 
2025-03-08 00:01:13,313: INFO: [train.py:1813]: Valid: Val Loss 0.2741, Val Acc (98.35, 98.35), Time 294.56
2025-03-08 00:01:13,313: INFO: [train.py:1815]: 
2025-03-08 00:01:15,979: INFO: [train.py:1568]: Epoch 043, Learning Rate 0.000109419
2025-03-08 00:49:32,441: INFO: [train.py:1733]: Train: , Time 2896.46
2025-03-08 00:49:32,441: INFO: [train.py:1734]: Train completed. Final metrics: 
2025-03-08 00:54:26,861: INFO: [train.py:1813]: Valid: Val Loss 0.2344, Val Acc (97.95, 97.95), Time 294.42
2025-03-08 00:54:26,862: INFO: [train.py:1815]: 
2025-03-08 00:54:28,949: INFO: [train.py:1568]: Epoch 044, Learning Rate 0.000109419
2025-03-08 01:42:45,175: INFO: [train.py:1733]: Train: , Time 2896.22
2025-03-08 01:42:45,175: INFO: [train.py:1734]: Train completed. Final metrics: 
2025-03-08 01:47:39,429: INFO: [train.py:1813]: Valid: Val Loss 0.2488, Val Acc (98.00, 98.00), Time 294.25
2025-03-08 01:47:39,429: INFO: [train.py:1815]: 
2025-03-08 01:47:41,339: INFO: [train.py:1568]: Epoch 045, Learning Rate 9.84771e-05
2025-03-08 02:35:57,264: INFO: [train.py:1733]: Train: , Time 2895.92
2025-03-08 02:35:57,264: INFO: [train.py:1734]: Train completed. Final metrics: 
2025-03-08 02:40:51,871: INFO: [train.py:1813]: Valid: Val Loss 0.2607, Val Acc (97.25, 97.25), Time 294.61
2025-03-08 02:40:51,872: INFO: [train.py:1815]: 
2025-03-08 02:40:54,079: INFO: [train.py:1568]: Epoch 046, Learning Rate 9.84771e-05
2025-03-08 03:29:07,892: INFO: [train.py:1733]: Train: , Time 2893.81
2025-03-08 03:29:07,892: INFO: [train.py:1734]: Train completed. Final metrics: 
2025-03-08 03:34:02,527: INFO: [train.py:1813]: Valid: Val Loss 0.2473, Val Acc (98.10, 98.10), Time 294.63
2025-03-08 03:34:02,527: INFO: [train.py:1815]: 
2025-03-08 03:34:04,444: INFO: [train.py:1568]: Epoch 047, Learning Rate 8.86294e-05
2025-03-08 04:22:19,465: INFO: [train.py:1733]: Train: , Time 2895.02
2025-03-08 04:22:19,465: INFO: [train.py:1734]: Train completed. Final metrics: 
2025-03-08 04:27:13,502: INFO: [train.py:1813]: Valid: Val Loss 0.2487, Val Acc (95.80, 95.80), Time 294.04
2025-03-08 04:27:13,502: INFO: [train.py:1815]: 
2025-03-08 04:27:15,530: INFO: [train.py:1568]: Epoch 048, Learning Rate 8.86294e-05
2025-03-08 05:15:28,975: INFO: [train.py:1733]: Train: , Time 2893.44
2025-03-08 05:15:28,975: INFO: [train.py:1734]: Train completed. Final metrics: 
2025-03-08 05:20:23,330: INFO: [train.py:1813]: Valid: Val Loss 0.2466, Val Acc (97.90, 97.90), Time 294.35
2025-03-08 05:20:23,330: INFO: [train.py:1815]: 
2025-03-08 05:20:25,328: INFO: [train.py:1568]: Epoch 049, Learning Rate 7.97664e-05
2025-03-08 06:08:39,030: INFO: [train.py:1733]: Train: , Time 2893.70
2025-03-08 06:08:39,030: INFO: [train.py:1734]: Train completed. Final metrics: 
2025-03-08 06:13:33,797: INFO: [train.py:1813]: Valid: Val Loss 0.2494, Val Acc (98.25, 98.25), Time 294.77
2025-03-08 06:13:33,798: INFO: [train.py:1815]: 
2025-03-08 06:13:35,676: INFO: [train.py:1568]: Epoch 050, Learning Rate 7.97664e-05
2025-03-08 07:01:49,080: INFO: [train.py:1733]: Train: , Time 2893.40
2025-03-08 07:01:49,080: INFO: [train.py:1734]: Train completed. Final metrics: 
2025-03-08 07:06:43,977: INFO: [train.py:1813]: Valid: Val Loss 0.2452, Val Acc (97.75, 97.75), Time 294.90
2025-03-08 07:06:43,977: INFO: [train.py:1815]: 
2025-03-08 07:06:46,146: INFO: [train.py:1568]: Epoch 051, Learning Rate 7.17898e-05
2025-03-08 07:55:00,728: INFO: [train.py:1733]: Train: , Time 2894.58
2025-03-08 07:55:00,728: INFO: [train.py:1734]: Train completed. Final metrics: 
2025-03-08 07:59:55,956: INFO: [train.py:1813]: Valid: Val Loss 0.2455, Val Acc (95.60, 95.60), Time 295.23
2025-03-08 07:59:55,956: INFO: [train.py:1815]: 
2025-03-08 07:59:58,067: INFO: [train.py:1568]: Epoch 052, Learning Rate 7.17898e-05
2025-03-08 08:48:19,065: INFO: [train.py:1733]: Train: , Time 2901.00
2025-03-08 08:48:19,065: INFO: [train.py:1734]: Train completed. Final metrics: 
2025-03-08 08:53:13,567: INFO: [train.py:1813]: Valid: Val Loss 0.3585, Val Acc (90.95, 90.95), Time 294.50
2025-03-08 08:53:13,567: INFO: [train.py:1815]: 
2025-03-08 08:53:15,195: INFO: [train.py:1568]: Epoch 053, Learning Rate 6.46108e-05
2025-03-08 09:41:27,877: INFO: [train.py:1733]: Train: , Time 2892.68
2025-03-08 09:41:27,877: INFO: [train.py:1734]: Train completed. Final metrics: 
2025-03-08 09:46:22,110: INFO: [train.py:1813]: Valid: Val Loss 0.2778, Val Acc (97.90, 97.90), Time 294.23
2025-03-08 09:46:22,110: INFO: [train.py:1815]: 
2025-03-08 09:46:23,520: INFO: [train.py:1568]: Epoch 054, Learning Rate 6.46108e-05
2025-03-08 10:34:37,814: INFO: [train.py:1733]: Train: , Time 2894.29
2025-03-08 10:34:37,814: INFO: [train.py:1734]: Train completed. Final metrics: 
2025-03-08 10:39:32,397: INFO: [train.py:1813]: Valid: Val Loss 0.2637, Val Acc (97.15, 97.15), Time 294.58
2025-03-08 10:39:32,397: INFO: [train.py:1815]: 
2025-03-08 10:39:34,540: INFO: [train.py:1568]: Epoch 055, Learning Rate 5.81497e-05
2025-03-08 11:27:47,969: INFO: [train.py:1733]: Train: , Time 2893.43
2025-03-08 11:27:47,969: INFO: [train.py:1734]: Train completed. Final metrics: 
2025-03-08 11:32:42,109: INFO: [train.py:1813]: Valid: Val Loss 0.2701, Val Acc (97.90, 97.90), Time 294.14
2025-03-08 11:32:42,109: INFO: [train.py:1815]: 
2025-03-08 11:32:44,208: INFO: [train.py:1568]: Epoch 056, Learning Rate 5.81497e-05
2025-03-08 12:20:58,074: INFO: [train.py:1733]: Train: , Time 2893.86
2025-03-08 12:20:58,074: INFO: [train.py:1734]: Train completed. Final metrics: 
2025-03-08 12:25:52,991: INFO: [train.py:1813]: Valid: Val Loss 0.2415, Val Acc (97.45, 97.45), Time 294.92
2025-03-08 12:25:52,991: INFO: [train.py:1815]: 
2025-03-08 12:25:54,963: INFO: [train.py:1568]: Epoch 057, Learning Rate 5.23348e-05
2025-03-08 13:14:13,130: INFO: [train.py:1733]: Train: , Time 2898.17
2025-03-08 13:14:13,130: INFO: [train.py:1734]: Train completed. Final metrics: 
2025-03-08 13:19:06,747: INFO: [train.py:1813]: Valid: Val Loss 0.2579, Val Acc (98.15, 98.15), Time 293.62
2025-03-08 13:19:06,747: INFO: [train.py:1815]: 
2025-03-08 13:19:08,862: INFO: [train.py:1568]: Epoch 058, Learning Rate 5.23348e-05
2025-03-08 14:07:21,954: INFO: [train.py:1733]: Train: , Time 2893.09
2025-03-08 14:07:21,954: INFO: [train.py:1734]: Train completed. Final metrics: 
2025-03-08 14:12:16,463: INFO: [train.py:1813]: Valid: Val Loss 0.2459, Val Acc (97.10, 97.10), Time 294.51
2025-03-08 14:12:16,463: INFO: [train.py:1815]: 
2025-03-08 14:12:18,345: INFO: [train.py:1568]: Epoch 059, Learning Rate 4.71013e-05
2025-03-08 15:00:33,227: INFO: [train.py:1733]: Train: , Time 2894.88
2025-03-08 15:00:33,227: INFO: [train.py:1734]: Train completed. Final metrics: 
2025-03-08 15:05:28,043: INFO: [train.py:1813]: Valid: Val Loss 0.2692, Val Acc (98.15, 98.15), Time 294.82
2025-03-08 15:05:28,043: INFO: [train.py:1815]: 
2025-03-08 15:05:30,348: INFO: [train.py:1568]: Epoch 060, Learning Rate 4.71013e-05
2025-03-08 15:53:42,876: INFO: [train.py:1733]: Train: , Time 2892.53
2025-03-08 15:53:42,877: INFO: [train.py:1734]: Train completed. Final metrics: 
2025-03-08 15:58:36,843: INFO: [train.py:1813]: Valid: Val Loss 0.2582, Val Acc (96.75, 96.75), Time 293.97
2025-03-08 15:58:36,843: INFO: [train.py:1815]: 
2025-03-08 15:58:38,772: INFO: [train.py:1568]: Epoch 061, Learning Rate 4.23912e-05
2025-03-08 16:46:52,089: INFO: [train.py:1733]: Train: , Time 2893.32
2025-03-08 16:46:52,089: INFO: [train.py:1734]: Train completed. Final metrics: 
2025-03-08 16:52:20,066: INFO: [train.py:1813]: Valid: Val Loss 0.2778, Val Acc (97.95, 97.95), Time 327.98
2025-03-08 16:52:20,067: INFO: [train.py:1815]: 
2025-03-08 16:52:22,386: INFO: [train.py:1568]: Epoch 062, Learning Rate 4.23912e-05
2025-03-08 17:41:14,507: INFO: [train.py:1733]: Train: , Time 2932.12
2025-03-08 17:41:14,507: INFO: [train.py:1734]: Train completed. Final metrics: 
2025-03-08 17:46:08,442: INFO: [train.py:1813]: Valid: Val Loss 0.2635, Val Acc (97.75, 97.75), Time 293.93
2025-03-08 17:46:08,442: INFO: [train.py:1815]: 
2025-03-08 17:46:10,524: INFO: [train.py:1568]: Epoch 063, Learning Rate 3.8152e-05
2025-03-08 18:34:23,218: INFO: [train.py:1733]: Train: , Time 2892.69
2025-03-08 18:34:23,218: INFO: [train.py:1734]: Train completed. Final metrics: 
2025-03-08 18:39:16,773: INFO: [train.py:1813]: Valid: Val Loss 0.2474, Val Acc (96.85, 96.85), Time 293.55
2025-03-08 18:39:16,774: INFO: [train.py:1815]: 
2025-03-08 18:39:18,669: INFO: [train.py:1568]: Epoch 064, Learning Rate 3.8152e-05
2025-03-08 19:27:32,372: INFO: [train.py:1733]: Train: , Time 2893.70
2025-03-08 19:27:32,372: INFO: [train.py:1734]: Train completed. Final metrics: 
2025-03-08 19:32:26,842: INFO: [train.py:1813]: Valid: Val Loss 0.2583, Val Acc (97.80, 97.80), Time 294.47
2025-03-08 19:32:26,842: INFO: [train.py:1815]: 
2025-03-08 19:32:29,270: INFO: [train.py:1568]: Epoch 065, Learning Rate 3.43368e-05
2025-03-08 20:20:44,069: INFO: [train.py:1733]: Train: , Time 2894.80
2025-03-08 20:20:44,070: INFO: [train.py:1734]: Train completed. Final metrics: 
2025-03-08 20:25:38,562: INFO: [train.py:1813]: Valid: Val Loss 0.2581, Val Acc (98.15, 98.15), Time 294.49
2025-03-08 20:25:38,562: INFO: [train.py:1815]: 
2025-03-08 20:25:40,663: INFO: [train.py:1568]: Epoch 066, Learning Rate 3.43368e-05
2025-03-08 21:13:53,644: INFO: [train.py:1733]: Train: , Time 2892.98
2025-03-08 21:13:53,645: INFO: [train.py:1734]: Train completed. Final metrics: 
2025-03-08 21:18:48,280: INFO: [train.py:1813]: Valid: Val Loss 0.2799, Val Acc (98.35, 98.35), Time 294.63
2025-03-08 21:18:48,280: INFO: [train.py:1815]: 
2025-03-08 21:18:50,051: INFO: [train.py:1568]: Epoch 067, Learning Rate 3.09032e-05
2025-03-08 22:07:04,386: INFO: [train.py:1733]: Train: , Time 2894.33
2025-03-08 22:07:04,386: INFO: [train.py:1734]: Train completed. Final metrics: 
2025-03-08 22:11:58,720: INFO: [train.py:1813]: Valid: Val Loss 0.2455, Val Acc (97.55, 97.55), Time 294.33
2025-03-08 22:11:58,720: INFO: [train.py:1815]: 
2025-03-08 22:12:00,800: INFO: [train.py:1568]: Epoch 068, Learning Rate 3.09032e-05
2025-03-08 23:00:13,564: INFO: [train.py:1733]: Train: , Time 2892.76
2025-03-08 23:00:13,564: INFO: [train.py:1734]: Train completed. Final metrics: 
2025-03-08 23:05:08,826: INFO: [train.py:1813]: Valid: Val Loss 0.2508, Val Acc (97.75, 97.75), Time 295.26
2025-03-08 23:05:08,826: INFO: [train.py:1815]: 
2025-03-08 23:05:10,802: INFO: [train.py:1568]: Epoch 069, Learning Rate 2.78128e-05
2025-03-08 23:53:23,456: INFO: [train.py:1733]: Train: , Time 2892.65
2025-03-08 23:53:23,456: INFO: [train.py:1734]: Train completed. Final metrics: 
2025-03-08 23:58:17,454: INFO: [train.py:1813]: Valid: Val Loss 0.2792, Val Acc (97.70, 97.70), Time 294.00
2025-03-08 23:58:17,454: INFO: [train.py:1815]: 
2025-03-08 23:58:20,195: INFO: [train.py:1568]: Epoch 070, Learning Rate 2.78128e-05
2025-03-09 00:46:35,161: INFO: [train.py:1733]: Train: , Time 2894.96
2025-03-09 00:46:35,161: INFO: [train.py:1734]: Train completed. Final metrics: 
2025-03-09 00:51:29,742: INFO: [train.py:1813]: Valid: Val Loss 0.2501, Val Acc (96.00, 96.00), Time 294.58
2025-03-09 00:51:29,742: INFO: [train.py:1815]: 
2025-03-09 00:51:31,652: INFO: [train.py:1568]: Epoch 071, Learning Rate 2.50316e-05
2025-03-09 01:39:44,050: INFO: [train.py:1733]: Train: , Time 2892.40
2025-03-09 01:39:44,050: INFO: [train.py:1734]: Train completed. Final metrics: 
2025-03-09 01:44:38,659: INFO: [train.py:1813]: Valid: Val Loss 0.2838, Val Acc (98.20, 98.20), Time 294.61
2025-03-09 01:44:38,659: INFO: [train.py:1815]: 
2025-03-09 01:44:40,880: INFO: [train.py:1568]: Epoch 072, Learning Rate 2.50316e-05
2025-03-09 02:32:55,016: INFO: [train.py:1733]: Train: , Time 2894.13
2025-03-09 02:32:55,016: INFO: [train.py:1734]: Train completed. Final metrics: 
2025-03-09 02:37:49,432: INFO: [train.py:1813]: Valid: Val Loss 0.2661, Val Acc (95.60, 95.60), Time 294.42
2025-03-09 02:37:49,432: INFO: [train.py:1815]: 
2025-03-09 02:37:51,521: INFO: [train.py:1568]: Epoch 073, Learning Rate 2.25284e-05
2025-03-09 03:26:05,891: INFO: [train.py:1733]: Train: , Time 2894.37
2025-03-09 03:26:05,891: INFO: [train.py:1734]: Train completed. Final metrics: 
2025-03-09 03:31:00,065: INFO: [train.py:1813]: Valid: Val Loss 0.2769, Val Acc (95.45, 95.45), Time 294.17
2025-03-09 03:31:00,065: INFO: [train.py:1815]: 
2025-03-09 03:31:02,534: INFO: [train.py:1568]: Epoch 074, Learning Rate 2.25284e-05
2025-03-09 04:19:21,513: INFO: [train.py:1733]: Train: , Time 2898.98
2025-03-09 04:19:21,514: INFO: [train.py:1734]: Train completed. Final metrics: 
2025-03-09 04:24:15,915: INFO: [train.py:1813]: Valid: Val Loss 0.2541, Val Acc (98.25, 98.25), Time 294.40
2025-03-09 04:24:15,915: INFO: [train.py:1815]: 
2025-03-09 04:24:18,403: INFO: [train.py:1568]: Epoch 075, Learning Rate 2.02756e-05
2025-03-09 05:12:33,230: INFO: [train.py:1733]: Train: , Time 2894.83
2025-03-09 05:12:33,230: INFO: [train.py:1734]: Train completed. Final metrics: 
2025-03-09 05:17:27,211: INFO: [train.py:1813]: Valid: Val Loss 0.2695, Val Acc (97.60, 97.60), Time 293.98
2025-03-09 05:17:27,211: INFO: [train.py:1815]: 
2025-03-09 05:17:29,454: INFO: [train.py:1568]: Epoch 076, Learning Rate 2.02756e-05
2025-03-09 06:05:43,078: INFO: [train.py:1733]: Train: , Time 2893.62
2025-03-09 06:05:43,078: INFO: [train.py:1734]: Train completed. Final metrics: 
2025-03-09 06:10:37,752: INFO: [train.py:1813]: Valid: Val Loss 0.2483, Val Acc (98.10, 98.10), Time 294.67
2025-03-09 06:10:37,752: INFO: [train.py:1815]: 
2025-03-09 06:10:40,027: INFO: [train.py:1568]: Epoch 077, Learning Rate 1.8248e-05
2025-03-09 06:58:52,743: INFO: [train.py:1733]: Train: , Time 2892.71
2025-03-09 06:58:52,743: INFO: [train.py:1734]: Train completed. Final metrics: 
2025-03-09 07:03:47,134: INFO: [train.py:1813]: Valid: Val Loss 0.2765, Val Acc (98.05, 98.05), Time 294.39
2025-03-09 07:03:47,134: INFO: [train.py:1815]: 
2025-03-09 07:03:49,713: INFO: [train.py:1568]: Epoch 078, Learning Rate 1.8248e-05
2025-03-09 07:52:05,031: INFO: [train.py:1733]: Train: , Time 2895.32
2025-03-09 07:52:05,032: INFO: [train.py:1734]: Train completed. Final metrics: 
2025-03-09 07:57:00,231: INFO: [train.py:1813]: Valid: Val Loss 0.2612, Val Acc (98.00, 98.00), Time 295.20
2025-03-09 07:57:00,231: INFO: [train.py:1815]: 
2025-03-09 07:57:02,513: INFO: [train.py:1568]: Epoch 079, Learning Rate 1.64232e-05
2025-03-09 08:45:20,732: INFO: [train.py:1733]: Train: , Time 2898.22
2025-03-09 08:45:20,733: INFO: [train.py:1734]: Train completed. Final metrics: 
2025-03-09 08:50:14,874: INFO: [train.py:1813]: Valid: Val Loss 0.2685, Val Acc (97.85, 97.85), Time 294.14
2025-03-09 08:50:14,874: INFO: [train.py:1815]: 
2025-03-09 08:50:17,166: INFO: [train.py:1568]: Epoch 080, Learning Rate 1.64232e-05
2025-03-09 09:38:31,325: INFO: [train.py:1733]: Train: , Time 2894.16
2025-03-09 09:38:31,325: INFO: [train.py:1734]: Train completed. Final metrics: 
2025-03-09 09:43:25,399: INFO: [train.py:1813]: Valid: Val Loss 0.2565, Val Acc (97.20, 97.20), Time 294.07
2025-03-09 09:43:25,399: INFO: [train.py:1815]: 
2025-03-09 09:43:28,048: INFO: [train.py:1568]: Epoch 081, Learning Rate 1.47809e-05
2025-03-09 10:31:43,593: INFO: [train.py:1733]: Train: , Time 2895.54
2025-03-09 10:31:43,593: INFO: [train.py:1734]: Train completed. Final metrics: 
2025-03-09 10:36:37,665: INFO: [train.py:1813]: Valid: Val Loss 0.2801, Val Acc (98.30, 98.30), Time 294.07
2025-03-09 10:36:37,665: INFO: [train.py:1815]: 
2025-03-09 10:36:39,714: INFO: [train.py:1568]: Epoch 082, Learning Rate 1.47809e-05
2025-03-09 11:24:52,765: INFO: [train.py:1733]: Train: , Time 2893.05
2025-03-09 11:24:52,765: INFO: [train.py:1734]: Train completed. Final metrics: 
2025-03-09 11:29:47,291: INFO: [train.py:1813]: Valid: Val Loss 0.2537, Val Acc (97.45, 97.45), Time 294.53
2025-03-09 11:29:47,291: INFO: [train.py:1815]: 
2025-03-09 11:29:49,344: INFO: [train.py:1568]: Epoch 083, Learning Rate 1.33028e-05
2025-03-09 12:18:02,491: INFO: [train.py:1733]: Train: , Time 2893.14
2025-03-09 12:18:02,491: INFO: [train.py:1734]: Train completed. Final metrics: 
2025-03-09 12:22:57,118: INFO: [train.py:1813]: Valid: Val Loss 0.3579, Val Acc (89.86, 89.86), Time 294.63
2025-03-09 12:22:57,118: INFO: [train.py:1815]: 
2025-03-09 12:22:58,888: INFO: [train.py:1568]: Epoch 084, Learning Rate 1.33028e-05
2025-03-09 13:11:16,745: INFO: [train.py:1733]: Train: , Time 2897.85
2025-03-09 13:11:16,745: INFO: [train.py:1734]: Train completed. Final metrics: 
2025-03-09 13:16:10,663: INFO: [train.py:1813]: Valid: Val Loss 0.2740, Val Acc (98.15, 98.15), Time 293.92
2025-03-09 13:16:10,663: INFO: [train.py:1815]: 
2025-03-09 13:16:13,502: INFO: [train.py:1568]: Epoch 085, Learning Rate 1.19725e-05
2025-03-09 14:04:27,807: INFO: [train.py:1733]: Train: , Time 2894.30
2025-03-09 14:04:27,807: INFO: [train.py:1734]: Train completed. Final metrics: 
2025-03-09 14:09:21,728: INFO: [train.py:1813]: Valid: Val Loss 0.2632, Val Acc (95.65, 95.65), Time 293.92
2025-03-09 14:09:21,728: INFO: [train.py:1815]: 
2025-03-09 14:09:23,712: INFO: [train.py:1568]: Epoch 086, Learning Rate 1.19725e-05
2025-03-09 14:57:37,895: INFO: [train.py:1733]: Train: , Time 2894.18
2025-03-09 14:57:37,895: INFO: [train.py:1734]: Train completed. Final metrics: 
2025-03-09 15:02:32,382: INFO: [train.py:1813]: Valid: Val Loss 0.2775, Val Acc (97.80, 97.80), Time 294.49
2025-03-09 15:02:32,382: INFO: [train.py:1815]: 
2025-03-09 15:02:34,679: INFO: [train.py:1568]: Epoch 087, Learning Rate 1.07753e-05
2025-03-09 15:51:28,553: INFO: [train.py:1733]: Train: , Time 2933.87
2025-03-09 15:51:28,553: INFO: [train.py:1734]: Train completed. Final metrics: 
2025-03-09 15:56:57,823: INFO: [train.py:1813]: Valid: Val Loss 0.2573, Val Acc (97.25, 97.25), Time 329.27
2025-03-09 15:56:57,823: INFO: [train.py:1815]: 
2025-03-09 15:56:59,925: INFO: [train.py:1568]: Epoch 088, Learning Rate 1.07753e-05
2025-03-09 16:45:50,181: INFO: [train.py:1733]: Train: , Time 2930.25
2025-03-09 16:45:50,181: INFO: [train.py:1734]: Train completed. Final metrics: 
2025-03-09 16:51:51,849: INFO: [train.py:1813]: Valid: Val Loss 0.2682, Val Acc (98.05, 98.05), Time 361.67
2025-03-09 16:51:51,850: INFO: [train.py:1815]: 
2025-03-09 16:51:53,815: INFO: [train.py:1568]: Epoch 089, Learning Rate 9.69774e-06
2025-03-09 17:42:05,361: INFO: [train.py:1733]: Train: , Time 3011.54
2025-03-09 17:42:05,361: INFO: [train.py:1734]: Train completed. Final metrics: 
2025-03-09 17:47:00,219: INFO: [train.py:1813]: Valid: Val Loss 0.2728, Val Acc (98.05, 98.05), Time 294.86
2025-03-09 17:47:00,219: INFO: [train.py:1815]: 
2025-03-09 17:47:02,889: INFO: [train.py:1568]: Epoch 090, Learning Rate 9.69774e-06
2025-03-09 18:35:17,129: INFO: [train.py:1733]: Train: , Time 2894.24
2025-03-09 18:35:17,129: INFO: [train.py:1734]: Train completed. Final metrics: 
2025-03-09 18:40:10,921: INFO: [train.py:1813]: Valid: Val Loss 0.2535, Val Acc (96.00, 96.00), Time 293.79
2025-03-09 18:40:10,922: INFO: [train.py:1815]: 
2025-03-09 18:40:13,517: INFO: [train.py:1568]: Epoch 091, Learning Rate 8.72796e-06
2025-03-09 19:28:32,344: INFO: [train.py:1733]: Train: , Time 2898.83
2025-03-09 19:28:32,344: INFO: [train.py:1734]: Train completed. Final metrics: 
2025-03-09 19:33:27,012: INFO: [train.py:1813]: Valid: Val Loss 0.2646, Val Acc (97.90, 97.90), Time 294.67
2025-03-09 19:33:27,012: INFO: [train.py:1815]: 
2025-03-09 19:33:29,315: INFO: [train.py:1568]: Epoch 092, Learning Rate 8.72796e-06
2025-03-09 20:21:44,610: INFO: [train.py:1733]: Train: , Time 2895.29
2025-03-09 20:21:44,610: INFO: [train.py:1734]: Train completed. Final metrics: 
2025-03-09 20:26:38,884: INFO: [train.py:1813]: Valid: Val Loss 0.2602, Val Acc (98.15, 98.15), Time 294.27
2025-03-09 20:26:38,884: INFO: [train.py:1815]: 
2025-03-09 20:26:40,490: INFO: [train.py:1568]: Epoch 093, Learning Rate 7.85517e-06
2025-03-09 21:14:55,216: INFO: [train.py:1733]: Train: , Time 2894.72
2025-03-09 21:14:55,216: INFO: [train.py:1734]: Train completed. Final metrics: 
2025-03-09 21:19:49,799: INFO: [train.py:1813]: Valid: Val Loss 0.2599, Val Acc (96.55, 96.55), Time 294.58
2025-03-09 21:19:49,799: INFO: [train.py:1815]: 
2025-03-09 21:19:51,715: INFO: [train.py:1568]: Epoch 094, Learning Rate 7.85517e-06
2025-03-09 22:08:07,023: INFO: [train.py:1733]: Train: , Time 2895.31
2025-03-09 22:08:07,023: INFO: [train.py:1734]: Train completed. Final metrics: 
2025-03-09 22:13:01,550: INFO: [train.py:1813]: Valid: Val Loss 0.2788, Val Acc (98.25, 98.25), Time 294.53
2025-03-09 22:13:01,550: INFO: [train.py:1815]: 
2025-03-09 22:13:03,346: INFO: [train.py:1568]: Epoch 095, Learning Rate 7.06965e-06
2025-03-09 23:01:17,972: INFO: [train.py:1733]: Train: , Time 2894.62
2025-03-09 23:01:17,972: INFO: [train.py:1734]: Train completed. Final metrics: 
2025-03-09 23:06:12,597: INFO: [train.py:1813]: Valid: Val Loss 0.2482, Val Acc (95.60, 95.60), Time 294.62
2025-03-09 23:06:12,597: INFO: [train.py:1815]: 
2025-03-09 23:06:14,823: INFO: [train.py:1568]: Epoch 096, Learning Rate 7.06965e-06
2025-03-09 23:54:28,236: INFO: [train.py:1733]: Train: , Time 2893.41
2025-03-09 23:54:28,236: INFO: [train.py:1734]: Train completed. Final metrics: 
2025-03-09 23:59:23,431: INFO: [train.py:1813]: Valid: Val Loss 0.2635, Val Acc (97.35, 97.35), Time 295.19
2025-03-09 23:59:23,431: INFO: [train.py:1815]: 
2025-03-09 23:59:25,314: INFO: [train.py:1568]: Epoch 097, Learning Rate 6.36269e-06
2025-03-10 00:47:40,013: INFO: [train.py:1733]: Train: , Time 2894.70
2025-03-10 00:47:40,013: INFO: [train.py:1734]: Train completed. Final metrics: 
2025-03-10 00:52:34,296: INFO: [train.py:1813]: Valid: Val Loss 0.2571, Val Acc (96.05, 96.05), Time 294.28
2025-03-10 00:52:34,296: INFO: [train.py:1815]: 
2025-03-10 00:52:36,246: INFO: [train.py:1568]: Epoch 098, Learning Rate 6.36269e-06
2025-03-10 01:40:51,736: INFO: [train.py:1733]: Train: , Time 2895.49
2025-03-10 01:40:51,737: INFO: [train.py:1734]: Train completed. Final metrics: 
2025-03-10 01:45:45,623: INFO: [train.py:1813]: Valid: Val Loss 0.2664, Val Acc (97.85, 97.85), Time 293.89
2025-03-10 01:45:45,623: INFO: [train.py:1815]: 
2025-03-10 01:45:47,713: INFO: [train.py:1568]: Epoch 099, Learning Rate 5.72642e-06
2025-03-10 02:34:03,171: INFO: [train.py:1733]: Train: , Time 2895.46
2025-03-10 02:34:03,171: INFO: [train.py:1734]: Train completed. Final metrics: 
2025-03-10 02:38:56,693: INFO: [train.py:1813]: Valid: Val Loss 0.2608, Val Acc (96.60, 96.60), Time 293.52
2025-03-10 02:38:56,693: INFO: [train.py:1815]: 
2025-03-10 02:38:59,077: INFO: [train.py:1568]: Epoch 100, Learning Rate 5.72642e-06
2025-03-10 03:27:13,742: INFO: [train.py:1733]: Train: , Time 2894.66
2025-03-10 03:27:13,742: INFO: [train.py:1734]: Train completed. Final metrics: 
2025-03-10 03:32:07,552: INFO: [train.py:1813]: Valid: Val Loss 0.3653, Val Acc (91.00, 91.00), Time 293.81
2025-03-10 03:32:07,552: INFO: [train.py:1815]: 
2025-03-10 03:32:09,912: INFO: [train.py:1568]: Epoch 101, Learning Rate 5.15378e-06
2025-03-10 04:20:22,996: INFO: [train.py:1733]: Train: , Time 2893.08
2025-03-10 04:20:22,996: INFO: [train.py:1734]: Train completed. Final metrics: 
2025-03-10 04:25:17,120: INFO: [train.py:1813]: Valid: Val Loss 0.2706, Val Acc (97.55, 97.55), Time 294.12
2025-03-10 04:25:17,121: INFO: [train.py:1815]: 
2025-03-10 04:25:19,138: INFO: [train.py:1568]: Epoch 102, Learning Rate 5.15378e-06
2025-03-10 05:13:35,504: INFO: [train.py:1733]: Train: , Time 2896.36
2025-03-10 05:13:35,505: INFO: [train.py:1734]: Train completed. Final metrics: 
2025-03-10 05:18:29,787: INFO: [train.py:1813]: Valid: Val Loss 0.2545, Val Acc (97.80, 97.80), Time 294.28
2025-03-10 05:18:29,787: INFO: [train.py:1815]: 
2025-03-10 05:18:31,440: INFO: [train.py:1568]: Epoch 103, Learning Rate 4.6384e-06
2025-03-10 06:06:45,322: INFO: [train.py:1733]: Train: , Time 2893.88
2025-03-10 06:06:45,322: INFO: [train.py:1734]: Train completed. Final metrics: 
2025-03-10 06:11:40,052: INFO: [train.py:1813]: Valid: Val Loss 0.2553, Val Acc (97.85, 97.85), Time 294.73
2025-03-10 06:11:40,052: INFO: [train.py:1815]: 
2025-03-10 06:11:41,905: INFO: [train.py:1568]: Epoch 104, Learning Rate 4.6384e-06
2025-03-10 06:59:54,622: INFO: [train.py:1733]: Train: , Time 2892.72
2025-03-10 06:59:54,623: INFO: [train.py:1734]: Train completed. Final metrics: 
2025-03-10 07:04:49,781: INFO: [train.py:1813]: Valid: Val Loss 0.2640, Val Acc (97.75, 97.75), Time 295.16
2025-03-10 07:04:49,781: INFO: [train.py:1815]: 
2025-03-10 07:04:52,218: INFO: [train.py:1568]: Epoch 105, Learning Rate 4.17456e-06
2025-03-10 07:53:05,009: INFO: [train.py:1733]: Train: , Time 2892.79
2025-03-10 07:53:05,009: INFO: [train.py:1734]: Train completed. Final metrics: 
2025-03-10 07:57:58,519: INFO: [train.py:1813]: Valid: Val Loss 0.2644, Val Acc (96.90, 96.90), Time 293.51
2025-03-10 07:57:58,519: INFO: [train.py:1815]: 
2025-03-10 07:58:00,999: INFO: [train.py:1568]: Epoch 106, Learning Rate 4.17456e-06
2025-03-10 08:46:20,051: INFO: [train.py:1733]: Train: , Time 2899.05
2025-03-10 08:46:20,051: INFO: [train.py:1734]: Train completed. Final metrics: 
2025-03-10 08:51:15,859: INFO: [train.py:1813]: Valid: Val Loss 0.2580, Val Acc (97.15, 97.15), Time 295.81
2025-03-10 08:51:15,860: INFO: [train.py:1815]: 
2025-03-10 08:51:17,964: INFO: [train.py:1568]: Epoch 107, Learning Rate 3.7571e-06
2025-03-10 09:39:31,916: INFO: [train.py:1733]: Train: , Time 2893.95
2025-03-10 09:39:31,916: INFO: [train.py:1734]: Train completed. Final metrics: 
2025-03-10 09:44:25,702: INFO: [train.py:1813]: Valid: Val Loss 0.3362, Val Acc (92.15, 92.15), Time 293.78
2025-03-10 09:44:25,702: INFO: [train.py:1815]: 
2025-03-10 09:44:27,303: INFO: [train.py:1568]: Epoch 108, Learning Rate 3.7571e-06
2025-03-10 10:32:41,458: INFO: [train.py:1733]: Train: , Time 2894.15
2025-03-10 10:32:41,458: INFO: [train.py:1734]: Train completed. Final metrics: 
2025-03-10 10:37:34,892: INFO: [train.py:1813]: Valid: Val Loss 0.2602, Val Acc (97.65, 97.65), Time 293.43
2025-03-10 10:37:34,893: INFO: [train.py:1815]: 
2025-03-10 10:37:37,222: INFO: [train.py:1568]: Epoch 109, Learning Rate 3.38139e-06
2025-03-10 11:25:52,153: INFO: [train.py:1733]: Train: , Time 2894.93
2025-03-10 11:25:52,153: INFO: [train.py:1734]: Train completed. Final metrics: 
2025-03-10 11:30:46,232: INFO: [train.py:1813]: Valid: Val Loss 0.2605, Val Acc (98.00, 98.00), Time 294.08
2025-03-10 11:30:46,232: INFO: [train.py:1815]: 
2025-03-10 11:30:48,355: INFO: [train.py:1568]: Epoch 110, Learning Rate 3.38139e-06
2025-03-10 12:19:01,515: INFO: [train.py:1733]: Train: , Time 2893.16
2025-03-10 12:19:01,515: INFO: [train.py:1734]: Train completed. Final metrics: 
2025-03-10 12:23:55,627: INFO: [train.py:1813]: Valid: Val Loss 0.2538, Val Acc (96.80, 96.80), Time 294.11
2025-03-10 12:23:55,627: INFO: [train.py:1815]: 
2025-03-10 12:23:57,499: INFO: [train.py:1568]: Epoch 111, Learning Rate 3.04325e-06
