2024-11-04 08:46:00,263: INFO: [resnet.py:183]: ResNet: All params loaded
2024-11-04 08:46:00,296: INFO: [wsdan.py:97]: WSDAN: using resnet50 as feature extractor, num_classes: 2, num_attentions: 32
2024-11-04 08:46:00,418: INFO: [train.py:150]: Network weights save to ./FGVC/CUB-200-2011/ckpt - 1/
2024-11-04 08:46:00,462: INFO: [train.py:183]: Start training: Total epochs: 160, Batch size: 12, Training size: 3798, Validation size: 8255
2024-11-04 08:46:00,462: INFO: [train.py:185]: 
2024-11-04 08:46:00,462: INFO: [train.py:193]: Epoch 001, Learning Rate 0.001
2024-11-04 09:47:01,373: INFO: [train.py:358]: Train: , Time 3660.91
2024-11-04 09:47:01,373: INFO: [train.py:359]: Train completed. Final metrics: 
2024-11-04 09:49:06,746: INFO: [train.py:452]: Valid: Val Loss 0.1832, Val Acc (98.87, 98.87), Time 125.37
2024-11-04 09:49:06,747: INFO: [train.py:454]: 
2024-11-04 09:49:09,398: INFO: [train.py:193]: Epoch 002, Learning Rate 0.001
2024-11-04 10:31:58,381: INFO: [train.py:358]: Train: , Time 2568.98
2024-11-04 10:31:58,381: INFO: [train.py:359]: Train completed. Final metrics: 
2024-11-04 10:59:02,272: INFO: [train.py:452]: Valid: Val Loss 4.5144, Val Acc (19.92, 19.92), Time 1623.89
2024-11-04 10:59:02,272: INFO: [train.py:454]: 
2024-11-04 10:59:04,874: INFO: [train.py:193]: Epoch 003, Learning Rate 0.0009
2024-11-04 11:42:30,921: INFO: [train.py:358]: Train: , Time 2606.04
2024-11-04 11:42:30,921: INFO: [train.py:359]: Train completed. Final metrics: 
2024-11-04 12:09:20,801: INFO: [train.py:452]: Valid: Val Loss 0.1120, Val Acc (98.36, 98.36), Time 1609.88
2024-11-04 12:09:20,802: INFO: [train.py:454]: 
2024-11-04 12:09:23,000: INFO: [train.py:193]: Epoch 004, Learning Rate 0.0009
2024-11-04 12:49:49,396: INFO: [train.py:358]: Train: , Time 2426.39
2024-11-04 12:49:49,396: INFO: [train.py:359]: Train completed. Final metrics: 
2024-11-04 13:15:14,597: INFO: [train.py:452]: Valid: Val Loss 0.1844, Val Acc (95.59, 95.59), Time 1525.20
2024-11-04 13:15:14,597: INFO: [train.py:454]: 
2024-11-04 13:15:16,275: INFO: [train.py:193]: Epoch 005, Learning Rate 0.00081
2024-11-04 13:55:47,778: INFO: [train.py:358]: Train: , Time 2431.50
2024-11-04 13:55:47,778: INFO: [train.py:359]: Train completed. Final metrics: 
2024-11-04 14:21:12,750: INFO: [train.py:452]: Valid: Val Loss 0.2671, Val Acc (98.90, 98.90), Time 1524.97
2024-11-04 14:21:12,750: INFO: [train.py:454]: 
2024-11-04 14:21:15,932: INFO: [train.py:193]: Epoch 006, Learning Rate 0.00081
2024-11-04 15:01:54,374: INFO: [train.py:358]: Train: , Time 2438.44
2024-11-04 15:01:54,375: INFO: [train.py:359]: Train completed. Final metrics: 
2024-11-04 15:28:08,669: INFO: [train.py:452]: Valid: Val Loss 0.5541, Val Acc (95.03, 95.03), Time 1574.29
2024-11-04 15:28:08,669: INFO: [train.py:454]: 
2024-11-04 15:28:11,042: INFO: [train.py:193]: Epoch 007, Learning Rate 0.000729
2024-11-04 16:08:28,155: INFO: [train.py:358]: Train: , Time 2417.11
2024-11-04 16:08:28,156: INFO: [train.py:359]: Train completed. Final metrics: 
2024-11-04 16:35:39,131: INFO: [train.py:452]: Valid: Val Loss 1.1948, Val Acc (78.81, 78.81), Time 1630.97
2024-11-04 16:35:39,131: INFO: [train.py:454]: 
2024-11-04 16:35:40,799: INFO: [train.py:193]: Epoch 008, Learning Rate 0.000729
2024-11-04 17:20:45,431: INFO: [train.py:358]: Train: , Time 2704.63
2024-11-04 17:20:45,432: INFO: [train.py:359]: Train completed. Final metrics: 
2024-11-04 17:47:35,948: INFO: [train.py:452]: Valid: Val Loss 0.1741, Val Acc (97.63, 97.63), Time 1610.51
2024-11-04 17:47:35,948: INFO: [train.py:454]: 
2024-11-04 17:47:37,341: INFO: [train.py:193]: Epoch 009, Learning Rate 0.0006561
2024-11-04 18:28:25,216: INFO: [train.py:358]: Train: , Time 2447.87
2024-11-04 18:28:25,216: INFO: [train.py:359]: Train completed. Final metrics: 
2024-11-04 18:54:13,725: INFO: [train.py:452]: Valid: Val Loss 0.1830, Val Acc (97.95, 97.95), Time 1548.51
2024-11-04 18:54:13,725: INFO: [train.py:454]: 
2024-11-04 18:54:15,622: INFO: [train.py:193]: Epoch 010, Learning Rate 0.0006561
2024-11-04 19:36:58,910: INFO: [train.py:358]: Train: , Time 2563.29
2024-11-04 19:36:58,910: INFO: [train.py:359]: Train completed. Final metrics: 
2024-11-04 20:10:52,778: INFO: [train.py:452]: Valid: Val Loss 0.1811, Val Acc (98.03, 98.03), Time 2033.87
2024-11-04 20:10:52,778: INFO: [train.py:454]: 
2024-11-04 20:10:54,625: INFO: [train.py:193]: Epoch 011, Learning Rate 0.00059049
2024-11-04 20:56:46,276: INFO: [train.py:358]: Train: , Time 2751.65
2024-11-04 20:56:46,276: INFO: [train.py:359]: Train completed. Final metrics: 
2024-11-04 21:26:34,130: INFO: [train.py:452]: Valid: Val Loss 0.1667, Val Acc (98.50, 98.50), Time 1787.85
2024-11-04 21:26:34,130: INFO: [train.py:454]: 
2024-11-04 21:26:35,580: INFO: [train.py:193]: Epoch 012, Learning Rate 0.00059049
2024-11-04 22:13:20,370: INFO: [train.py:358]: Train: , Time 2804.79
2024-11-04 22:13:20,371: INFO: [train.py:359]: Train completed. Final metrics: 
2024-11-04 22:44:06,459: INFO: [train.py:452]: Valid: Val Loss 0.1735, Val Acc (97.46, 97.46), Time 1846.09
2024-11-04 22:44:06,460: INFO: [train.py:454]: 
2024-11-04 22:44:08,442: INFO: [train.py:193]: Epoch 013, Learning Rate 0.000531441
2024-11-04 23:32:56,948: INFO: [train.py:358]: Train: , Time 2928.50
2024-11-04 23:32:56,948: INFO: [train.py:359]: Train completed. Final metrics: 
