2024-11-28 13:16:14,806: INFO: [resnet.py:183]: ResNet: All params loaded
2024-11-28 13:16:14,836: INFO: [wsdan.py:97]: WSDAN: using resnet50 as feature extractor, num_classes: 2, num_attentions: 32
2024-11-28 13:16:14,978: INFO: [train.py:1522]: Network weights save to ./FGVC/CUB-200-2011/ckpt - 4/
2024-11-28 13:16:15,023: INFO: [train.py:1555]: Start training: Total epochs: 160, Batch size: 12, Training size: 3798, Validation size: 8255
2024-11-28 13:16:15,023: INFO: [train.py:1557]: 
2024-11-28 13:16:15,023: INFO: [train.py:1565]: Epoch 001, Learning Rate 0.001
2024-11-28 14:12:48,076: INFO: [train.py:1729]: Train: , Time 3393.05
2024-11-28 14:12:48,076: INFO: [train.py:1730]: Train completed. Final metrics: 
2024-11-28 14:18:50,848: INFO: [train.py:1809]: Valid: Val Loss 8.8537, Val Acc (2.57, 2.57), Time 362.77
2024-11-28 14:18:50,848: INFO: [train.py:1811]: 
2024-11-28 14:18:53,912: INFO: [train.py:1565]: Epoch 002, Learning Rate 0.001
2024-11-28 15:05:22,750: INFO: [train.py:1729]: Train: , Time 2788.84
2024-11-28 15:05:22,750: INFO: [train.py:1730]: Train completed. Final metrics: 
2024-11-28 15:09:05,950: INFO: [train.py:1809]: Valid: Val Loss 38.4269, Val Acc (1.02, 1.02), Time 223.20
2024-11-28 15:09:05,951: INFO: [train.py:1811]: 
2024-11-28 15:09:07,498: INFO: [train.py:1565]: Epoch 003, Learning Rate 0.0009
2024-11-28 15:55:36,492: INFO: [train.py:1729]: Train: , Time 2788.99
2024-11-28 15:55:36,492: INFO: [train.py:1730]: Train completed. Final metrics: 
2024-11-28 16:21:10,725: INFO: [train.py:1809]: Valid: Val Loss 6.6194, Val Acc (4.46, 4.46), Time 1534.23
2024-11-28 16:21:10,725: INFO: [train.py:1811]: 
2024-11-28 16:21:13,613: INFO: [train.py:1565]: Epoch 004, Learning Rate 0.0009
